[1764279390.807][INFO]: Starting ChromeDriver 142.0.7444.175 (302067f14a4ea3f42001580e6101fa25ed343445-refs/branch-heads/7444@{#2749}) on port 18835
[1764279390.807][INFO]: Please see https://chromedriver.chromium.org/security-considerations for suggestions on keeping ChromeDriver safe.
[1764279390.814][INFO]: ChromeDriver was started successfully on port 18835
[1764279390.918][INFO]: [cd2e7cf332bc04bde59894daddaadafa] COMMAND InitSession {
   "capabilities": {
      "firstMatch": [ {
         "browserName": "chrome",
         "goog:chromeOptions": {
            "args": [ "--remote-allow-origins=*" ],
            "binary": "C:\\Program Files (x86)\\Google\\Chrome\\Application\\chrome.exe",
            "extensions": [  ]
         },
         "goog:loggingPrefs": {
            "browser": "ALL",
            "driver": "ALL"
         }
      } ]
   }
}
[1764279390.920][INFO]: Populating Preferences file: {
   "alternate_error_pages": {
      "enabled": false
   },
   "autofill": {
      "enabled": false
   },
   "browser": {
      "check_default_browser": false
   },
   "distribution": {
      "import_bookmarks": false,
      "import_history": false,
      "import_search_engine": false,
      "make_chrome_default_for_user": false,
      "skip_first_run_ui": true
   },
   "dns_prefetching": {
      "enabled": false
   },
   "profile": {
      "content_settings": {
         "pattern_pairs": {
            "https://*,*": {
               "media-stream": {
                  "audio": "Default",
                  "video": "Default"
               }
            }
         }
      },
      "default_content_setting_values": {
         "geolocation": 1
      },
      "default_content_settings": {
         "geolocation": 1,
         "mouselock": 1,
         "notifications": 1,
         "popups": 1,
         "ppapi-broker": 1
      },
      "password_manager_enabled": false
   },
   "safebrowsing": {
      "enabled": false
   },
   "search": {
      "suggest_enabled": false
   },
   "translate": {
      "enabled": false
   }
}
[1764279390.920][INFO]: Populating Local State file: {
   "background_mode": {
      "enabled": false
   },
   "ssl": {
      "rev_checking": {
         "enabled": false
      }
   }
}
[1764279390.921][INFO]: ChromeDriver supports communication with Chrome via pipes. This is more reliable and more secure.
[1764279390.921][INFO]: Use the --remote-debugging-pipe Chrome switch instead of the default --remote-debugging-port to enable this communication mode.
[1764279390.923][INFO]: Launching chrome: "C:\Program Files (x86)\Google\Chrome\Application\chrome.exe" --allow-pre-commit-input --disable-background-networking --disable-backgrounding-occluded-windows --disable-client-side-phishing-detection --disable-default-apps --disable-features=IgnoreDuplicateNavs,Prewarm --disable-hang-monitor --disable-popup-blocking --disable-prompt-on-repost --disable-sync --enable-automation --enable-logging --log-level=0 --no-first-run --no-service-autorun --password-store=basic --remote-allow-origins=* --remote-debugging-port=0 --test-type=webdriver --use-mock-keychain --user-data-dir="C:\Users\Jismy\AppData\Local\Temp\scoped_dir21988_1098136783" data:,
[1764279391.875][INFO]: resolved localhost to ["::1","127.0.0.1"]
[1764279391.991][INFO]: [cd2e7cf332bc04bde59894daddaadafa] RESPONSE InitSession {
   "capabilities": {
      "acceptInsecureCerts": false,
      "browserName": "chrome",
      "browserVersion": "142.0.7444.176",
      "chrome": {
         "chromedriverVersion": "142.0.7444.175 (302067f14a4ea3f42001580e6101fa25ed343445-refs/branch-heads/7444@{#2749})",
         "userDataDir": "C:\\Users\\Jismy\\AppData\\Local\\Temp\\scoped_dir21988_1098136783"
      },
      "fedcm:accounts": true,
      "goog:chromeOptions": {
         "debuggerAddress": "localhost:61111"
      },
      "goog:processID": 6972,
      "networkConnectionEnabled": false,
      "pageLoadStrategy": "normal",
      "platformName": "windows",
      "proxy": {
      },
      "setWindowRect": true,
      "strictFileInteractability": false,
      "timeouts": {
         "implicit": 0,
         "pageLoad": 300000,
         "script": 30000
      },
      "unhandledPromptBehavior": "dismiss and notify",
      "webauthn:extension:credBlob": true,
      "webauthn:extension:largeBlob": true,
      "webauthn:extension:minPinLength": true,
      "webauthn:extension:prf": true,
      "~~~": "..."
   },
   "sessionId": "cd2e7cf332bc04bde59894daddaadafa"
}
[1764279392.174][INFO]: [cd2e7cf332bc04bde59894daddaadafa] COMMAND MaximizeWindow {
}
[1764279392.174][INFO]: Waiting for pending navigations...
[1764279392.176][INFO]: Done waiting for pending navigations. Status: ok
[1764279392.208][INFO]: Waiting for pending navigations...
[1764279392.208][INFO]: Done waiting for pending navigations. Status: ok
[1764279392.208][INFO]: [cd2e7cf332bc04bde59894daddaadafa] RESPONSE MaximizeWindow {
   "height": 1096,
   "width": 1936,
   "x": -8,
   "y": -8
}
[1764279392.224][INFO]: [cd2e7cf332bc04bde59894daddaadafa] COMMAND GetUrl {
}
[1764279392.224][INFO]: Waiting for pending navigations...
[1764279392.224][INFO]: Done waiting for pending navigations. Status: ok
[1764279392.236][INFO]: Waiting for pending navigations...
[1764279392.237][INFO]: Done waiting for pending navigations. Status: ok
[1764279392.237][INFO]: [cd2e7cf332bc04bde59894daddaadafa] RESPONSE GetUrl "data:,"
[1764279392.240][INFO]: [cd2e7cf332bc04bde59894daddaadafa] COMMAND Navigate {
   "url": "https://www.flipkart.com/"
}
[1764279392.240][INFO]: Waiting for pending navigations...
[1764279392.243][INFO]: Done waiting for pending navigations. Status: ok
[1764279392.751][INFO]: Waiting for pending navigations...
[1764279394.280][INFO]: Done waiting for pending navigations. Status: ok
[1764279394.280][INFO]: [cd2e7cf332bc04bde59894daddaadafa] RESPONSE Navigate
[1764279394.292][INFO]: [cd2e7cf332bc04bde59894daddaadafa] COMMAND ExecuteScript {
   "args": [  ],
   "script": "return document.readyState"
}
[1764279394.293][INFO]: Waiting for pending navigations...
[1764279394.294][INFO]: Done waiting for pending navigations. Status: ok
[1764279394.301][INFO]: Waiting for pending navigations...
[1764279394.302][INFO]: Done waiting for pending navigations. Status: ok
[1764279394.302][INFO]: [cd2e7cf332bc04bde59894daddaadafa] RESPONSE ExecuteScript "complete"
[1764279399.313][INFO]: [cd2e7cf332bc04bde59894daddaadafa] COMMAND FindElement {
   "using": "xpath",
   "value": "//input[contains(@class, 'Pke_EE')]"
}
[1764279399.313][INFO]: Waiting for pending navigations...
[1764279399.315][INFO]: Done waiting for pending navigations. Status: ok
[1764279399.343][INFO]: Waiting for pending navigations...
[1764279399.345][INFO]: Done waiting for pending navigations. Status: ok
[1764279399.345][INFO]: [cd2e7cf332bc04bde59894daddaadafa] RESPONSE FindElement {
   "element-6066-11e4-a52e-4f735466cecf": "f.A0482CA59007B45076EDC5AA3A53D800.d.A33BD2F46159B9ACBD1E629BBB82F52E.e.81"
}
[1764279399.352][INFO]: [cd2e7cf332bc04bde59894daddaadafa] COMMAND ClickElement {
   "id": "f.A0482CA59007B45076EDC5AA3A53D800.d.A33BD2F46159B9ACBD1E629BBB82F52E.e.81"
}
[1764279399.352][INFO]: Waiting for pending navigations...
[1764279399.354][INFO]: Done waiting for pending navigations. Status: ok
[1764279399.500][INFO]: Waiting for pending navigations...
[1764279399.509][INFO]: Done waiting for pending navigations. Status: ok
[1764279399.509][INFO]: [cd2e7cf332bc04bde59894daddaadafa] RESPONSE ClickElement
[1764279399.825][INFO]: [cd2e7cf332bc04bde59894daddaadafa] COMMAND ClearElement {
   "id": "f.A0482CA59007B45076EDC5AA3A53D800.d.A33BD2F46159B9ACBD1E629BBB82F52E.e.81"
}
[1764279399.825][INFO]: Waiting for pending navigations...
[1764279399.826][INFO]: Done waiting for pending navigations. Status: ok
[1764279399.875][INFO]: 
	=== NOTE: ===
	The Clear command in ChromeDriver 2.43 and above
	has been updated to conform to the current standard,
	including raising blur event after clearing.

[1764279399.889][INFO]: Waiting for pending navigations...
[1764279399.891][INFO]: Done waiting for pending navigations. Status: ok
[1764279399.891][INFO]: [cd2e7cf332bc04bde59894daddaadafa] RESPONSE ClearElement
[1764279399.897][INFO]: [cd2e7cf332bc04bde59894daddaadafa] COMMAND TypeElement {
   "id": "f.A0482CA59007B45076EDC5AA3A53D800.d.A33BD2F46159B9ACBD1E629BBB82F52E.e.81",
   "text": "Washing Machine",
   "value": [ "W", "a", "s", "h", "i", "n", "g", " ", "M", "a", "c", "h", "i", "n", "e" ]
}
[1764279399.897][INFO]: Waiting for pending navigations...
[1764279399.899][INFO]: Done waiting for pending navigations. Status: ok
[1764279399.998][INFO]: Waiting for pending navigations...
[1764279400.000][INFO]: Done waiting for pending navigations. Status: ok
[1764279400.000][INFO]: [cd2e7cf332bc04bde59894daddaadafa] RESPONSE TypeElement
[1764279400.006][INFO]: [cd2e7cf332bc04bde59894daddaadafa] COMMAND TypeElement {
   "id": "f.A0482CA59007B45076EDC5AA3A53D800.d.A33BD2F46159B9ACBD1E629BBB82F52E.e.81",
   "text": "",
   "value": [ "" ]
}
[1764279400.006][INFO]: Waiting for pending navigations...
[1764279400.007][INFO]: Done waiting for pending navigations. Status: ok
[1764279400.050][INFO]: Waiting for pending navigations...
[1764279402.384][INFO]: Done waiting for pending navigations. Status: ok
[1764279402.384][INFO]: [cd2e7cf332bc04bde59894daddaadafa] RESPONSE TypeElement
[1764279402.391][INFO]: [cd2e7cf332bc04bde59894daddaadafa] COMMAND FindElement {
   "using": "xpath",
   "value": "//div[contains(@class, 'sHCOk2')]//div[normalize-space(text()) = 'Popularity']"
}
[1764279402.391][INFO]: Waiting for pending navigations...
[1764279402.397][INFO]: Done waiting for pending navigations. Status: ok
[1764279402.423][INFO]: Waiting for pending navigations...
[1764279402.424][INFO]: Done waiting for pending navigations. Status: ok
[1764279402.424][INFO]: [cd2e7cf332bc04bde59894daddaadafa] RESPONSE FindElement {
   "element-6066-11e4-a52e-4f735466cecf": "f.A0482CA59007B45076EDC5AA3A53D800.d.40330B645A3AAEE9614EF5F812C3706B.e.5742"
}
[1764279402.427][INFO]: [cd2e7cf332bc04bde59894daddaadafa] COMMAND ClickElement {
   "id": "f.A0482CA59007B45076EDC5AA3A53D800.d.40330B645A3AAEE9614EF5F812C3706B.e.5742"
}
[1764279402.427][INFO]: Waiting for pending navigations...
[1764279402.428][INFO]: Done waiting for pending navigations. Status: ok
[1764279402.531][INFO]: Waiting for pending navigations...
[1764279402.536][INFO]: Done waiting for pending navigations. Status: ok
[1764279402.537][INFO]: [cd2e7cf332bc04bde59894daddaadafa] RESPONSE ClickElement
[1764279402.542][INFO]: [cd2e7cf332bc04bde59894daddaadafa] COMMAND FindElements {
   "using": "xpath",
   "value": "//span[contains(@id, 'productRating')]//div[number(.) > 4]"
}
[1764279402.542][INFO]: Waiting for pending navigations...
[1764279402.543][INFO]: Done waiting for pending navigations. Status: ok
[1764279402.557][INFO]: Waiting for pending navigations...
[1764279402.558][INFO]: Done waiting for pending navigations. Status: ok
[1764279402.558][INFO]: [cd2e7cf332bc04bde59894daddaadafa] RESPONSE FindElements [ {
   "element-6066-11e4-a52e-4f735466cecf": "f.A0482CA59007B45076EDC5AA3A53D800.d.40330B645A3AAEE9614EF5F812C3706B.e.5772"
}, {
   "element-6066-11e4-a52e-4f735466cecf": "f.A0482CA59007B45076EDC5AA3A53D800.d.40330B645A3AAEE9614EF5F812C3706B.e.5831"
}, {
   "element-6066-11e4-a52e-4f735466cecf": "f.A0482CA59007B45076EDC5AA3A53D800.d.40330B645A3AAEE9614EF5F812C3706B.e.5887"
}, {
   "element-6066-11e4-a52e-4f735466cecf": "f.A0482CA59007B45076EDC5AA3A53D800.d.40330B645A3AAEE9614EF5F812C3706B.e.5939"
}, {
   "element-6066-11e4-a52e-4f735466cecf": "f.A0482CA59007B45076EDC5AA3A53D800.d.40330B645A3AAEE9614EF5F812C3706B.e.5994"
}, {
   "element-6066-11e4-a52e-4f735466cecf": "f.A0482CA59007B45076EDC5AA3A53D800.d.40330B645A3AAEE9614EF5F812C3706B.e.6049"
}, {
   "element-6066-11e4-a52e-4f735466cecf": "f.A0482CA59007B45076EDC5AA3A53D800.d.40330B645A3AAEE9614EF5F812C3706B.e.6104"
}, {
   "element-6066-11e4-a52e-4f735466cecf": "f.A0482CA59007B45076EDC5AA3A53D800.d.40330B645A3AAEE9614EF5F812C3706B.e.6162"
}, {
   "element-6066-11e4-a52e-4f735466cecf": "f.A0482CA59007B45076EDC5AA3A53D800.d.40330B645A3AAEE9614EF5F812C3706B.e.6218"
}, {
   "element-6066-11e4-a52e-4f735466cecf": "f.A0482CA59007B45076EDC5AA3A53D800.d.40330B645A3AAEE9614EF5F812C3706B.e.6273"
}, {
   "element-6066-11e4-a52e-4f735466cecf": "f.A0482CA59007B45076EDC5AA3A53D800.d.40330B645A3AAEE9614EF5F812C3706B.e.6331"
}, {
   "element-6066-11e4-a52e-4f735466cecf": "f.A0482CA59007B45076EDC5AA3A53D800.d.40330B645A3AAEE9614EF5F812C3706B.e.6390"
}, {
   "element-6066-11e4-a52e-4f735466cecf": "f.A0482CA59007B45076EDC5AA3A53D800.d.40330B645A3AAEE9614EF5F812C3706B.e.6446"
}, {
   "element-6066-11e4-a52e-4f735466cecf": "f.A0482CA59007B45076EDC5AA3A53D800.d.40330B645A3AAEE9614EF5F812C3706B.e.6504"
}, {
   "element-6066-11e4-a52e-4f735466cecf": "f.A0482CA59007B45076EDC5AA3A53D800.d.40330B645A3AAEE9614EF5F812C3706B.e.6560"
}, {
   "element-6066-11e4-a52e-4f735466cecf": "f.A0482CA59007B45076EDC5AA3A53D800.d.40330B645A3AAEE9614EF5F812C3706B.e.6615"
}, {
   "element-6066-11e4-a52e-4f735466cecf": "f.A0482CA59007B45076EDC5AA3A53D800.d.40330B645A3AAEE9614EF5F812C3706B.e.6671"
}, {
   "element-6066-11e4-a52e-4f735466cecf": "f.A0482CA59007B45076EDC5AA3A53D800.d.40330B645A3AAEE9614EF5F812C3706B.e.6730"
}, {
   "element-6066-11e4-a52e-4f735466cecf": "f.A0482CA59007B45076EDC5AA3A53D800.d.40330B645A3AAEE9614EF5F812C3706B.e.6786"
}, "..." ]
[1764279402.565][INFO]: [cd2e7cf332bc04bde59894daddaadafa] COMMAND GetUrl {
}
[1764279402.565][INFO]: Waiting for pending navigations...
[1764279402.566][INFO]: Done waiting for pending navigations. Status: ok
[1764279402.571][INFO]: Waiting for pending navigations...
[1764279402.572][INFO]: Done waiting for pending navigations. Status: ok
[1764279402.573][INFO]: [cd2e7cf332bc04bde59894daddaadafa] RESPONSE GetUrl "https://www.flipkart.com/search?q=Washing+Machine&otracker=search&otracker1=search&marketplace=FLIPKART&as-show=on&as=off&sort=popularity"
[1764279402.576][INFO]: [cd2e7cf332bc04bde59894daddaadafa] COMMAND Navigate {
   "url": "https://www.flipkart.com/"
}
[1764279402.576][INFO]: Waiting for pending navigations...
[1764279402.577][INFO]: Done waiting for pending navigations. Status: ok
[1764279403.024][INFO]: Waiting for pending navigations...
[1764279404.573][INFO]: Done waiting for pending navigations. Status: ok
[1764279404.573][INFO]: [cd2e7cf332bc04bde59894daddaadafa] RESPONSE Navigate
[1764279404.580][INFO]: [cd2e7cf332bc04bde59894daddaadafa] COMMAND ExecuteScript {
   "args": [  ],
   "script": "return document.readyState"
}
[1764279404.580][INFO]: Waiting for pending navigations...
[1764279404.600][INFO]: Done waiting for pending navigations. Status: ok
[1764279404.659][INFO]: Waiting for pending navigations...
[1764279404.664][INFO]: Done waiting for pending navigations. Status: ok
[1764279404.664][INFO]: [cd2e7cf332bc04bde59894daddaadafa] RESPONSE ExecuteScript "complete"
[1764279409.672][INFO]: [cd2e7cf332bc04bde59894daddaadafa] COMMAND FindElement {
   "using": "xpath",
   "value": "//input[contains(@class, 'Pke_EE')]"
}
[1764279409.672][INFO]: Waiting for pending navigations...
[1764279409.675][INFO]: Done waiting for pending navigations. Status: ok
[1764279409.687][INFO]: Waiting for pending navigations...
[1764279409.691][INFO]: Done waiting for pending navigations. Status: ok
[1764279409.691][INFO]: [cd2e7cf332bc04bde59894daddaadafa] RESPONSE FindElement {
   "element-6066-11e4-a52e-4f735466cecf": "f.A0482CA59007B45076EDC5AA3A53D800.d.11BC91033F42E4B030B693BD8E6627B8.e.11009"
}
[1764279409.695][INFO]: [cd2e7cf332bc04bde59894daddaadafa] COMMAND ClickElement {
   "id": "f.A0482CA59007B45076EDC5AA3A53D800.d.11BC91033F42E4B030B693BD8E6627B8.e.11009"
}
[1764279409.695][INFO]: Waiting for pending navigations...
[1764279409.696][INFO]: Done waiting for pending navigations. Status: ok
[1764279409.874][INFO]: Waiting for pending navigations...
[1764279409.880][INFO]: Done waiting for pending navigations. Status: ok
[1764279409.880][INFO]: [cd2e7cf332bc04bde59894daddaadafa] RESPONSE ClickElement
[1764279410.190][INFO]: [cd2e7cf332bc04bde59894daddaadafa] COMMAND ClearElement {
   "id": "f.A0482CA59007B45076EDC5AA3A53D800.d.11BC91033F42E4B030B693BD8E6627B8.e.11009"
}
[1764279410.191][INFO]: Waiting for pending navigations...
[1764279410.194][INFO]: Done waiting for pending navigations. Status: ok
[1764279410.263][INFO]: Waiting for pending navigations...
[1764279410.264][INFO]: Done waiting for pending navigations. Status: ok
[1764279410.264][INFO]: [cd2e7cf332bc04bde59894daddaadafa] RESPONSE ClearElement
[1764279410.268][INFO]: [cd2e7cf332bc04bde59894daddaadafa] COMMAND TypeElement {
   "id": "f.A0482CA59007B45076EDC5AA3A53D800.d.11BC91033F42E4B030B693BD8E6627B8.e.11009",
   "text": "iPhone",
   "value": [ "i", "P", "h", "o", "n", "e" ]
}
[1764279410.268][INFO]: Waiting for pending navigations...
[1764279410.269][INFO]: Done waiting for pending navigations. Status: ok
[1764279410.363][INFO]: Waiting for pending navigations...
[1764279410.381][INFO]: Done waiting for pending navigations. Status: ok
[1764279410.381][INFO]: [cd2e7cf332bc04bde59894daddaadafa] RESPONSE TypeElement
[1764279410.384][INFO]: [cd2e7cf332bc04bde59894daddaadafa] COMMAND TypeElement {
   "id": "f.A0482CA59007B45076EDC5AA3A53D800.d.11BC91033F42E4B030B693BD8E6627B8.e.11009",
   "text": "",
   "value": [ "" ]
}
[1764279410.384][INFO]: Waiting for pending navigations...
[1764279410.385][INFO]: Done waiting for pending navigations. Status: ok
[1764279410.458][INFO]: Waiting for pending navigations...
[1764279412.312][INFO]: Done waiting for pending navigations. Status: ok
[1764279412.312][INFO]: [cd2e7cf332bc04bde59894daddaadafa] RESPONSE TypeElement
[1764279412.315][INFO]: [cd2e7cf332bc04bde59894daddaadafa] COMMAND FindElements {
   "using": "xpath",
   "value": "//div[contains(@class, 'yKfJKb')]//div[contains(@class, 'UkUFwK')]"
}
[1764279412.315][INFO]: Waiting for pending navigations...
[1764279412.328][INFO]: Done waiting for pending navigations. Status: ok
[1764279412.365][INFO]: Waiting for pending navigations...
[1764279412.367][INFO]: Done waiting for pending navigations. Status: ok
[1764279412.367][INFO]: [cd2e7cf332bc04bde59894daddaadafa] RESPONSE FindElements [ {
   "element-6066-11e4-a52e-4f735466cecf": "f.A0482CA59007B45076EDC5AA3A53D800.d.F0432A9C2A00A13C2CC9A8444103DA69.e.16817"
}, {
   "element-6066-11e4-a52e-4f735466cecf": "f.A0482CA59007B45076EDC5AA3A53D800.d.F0432A9C2A00A13C2CC9A8444103DA69.e.17257"
} ]
[1764279412.371][INFO]: [cd2e7cf332bc04bde59894daddaadafa] COMMAND GetElementText {
   "id": "f.A0482CA59007B45076EDC5AA3A53D800.d.F0432A9C2A00A13C2CC9A8444103DA69.e.16817"
}
[1764279412.371][INFO]: Waiting for pending navigations...
[1764279412.393][INFO]: Done waiting for pending navigations. Status: ok
[1764279412.431][INFO]: Waiting for pending navigations...
[1764279412.434][INFO]: Done waiting for pending navigations. Status: ok
[1764279412.434][INFO]: [cd2e7cf332bc04bde59894daddaadafa] RESPONSE GetElementText "8% off"
[1764279412.438][INFO]: [cd2e7cf332bc04bde59894daddaadafa] COMMAND GetElementText {
   "id": "f.A0482CA59007B45076EDC5AA3A53D800.d.F0432A9C2A00A13C2CC9A8444103DA69.e.17257"
}
[1764279412.438][INFO]: Waiting for pending navigations...
[1764279412.448][INFO]: Done waiting for pending navigations. Status: ok
[1764279412.485][INFO]: Waiting for pending navigations...
[1764279412.496][INFO]: Done waiting for pending navigations. Status: ok
[1764279412.496][INFO]: [cd2e7cf332bc04bde59894daddaadafa] RESPONSE GetElementText "15% off"
[1764279412.500][INFO]: [cd2e7cf332bc04bde59894daddaadafa] COMMAND GetUrl {
}
[1764279412.500][INFO]: Waiting for pending navigations...
[1764279412.510][INFO]: Done waiting for pending navigations. Status: ok
[1764279412.530][INFO]: Waiting for pending navigations...
[1764279412.531][INFO]: Done waiting for pending navigations. Status: ok
[1764279412.531][INFO]: [cd2e7cf332bc04bde59894daddaadafa] RESPONSE GetUrl "https://www.flipkart.com/search?q=iPhone&otracker=search&otracker1=search&marketplace=FLIPKART&as-show=on&as=off"
[1764279412.533][INFO]: [cd2e7cf332bc04bde59894daddaadafa] COMMAND Navigate {
   "url": "https://www.flipkart.com/"
}
[1764279412.533][INFO]: Waiting for pending navigations...
[1764279412.534][INFO]: Done waiting for pending navigations. Status: ok
[1764279412.948][INFO]: Waiting for pending navigations...
[1764279414.348][INFO]: Done waiting for pending navigations. Status: ok
[1764279414.348][INFO]: [cd2e7cf332bc04bde59894daddaadafa] RESPONSE Navigate
[1764279414.351][INFO]: [cd2e7cf332bc04bde59894daddaadafa] COMMAND ExecuteScript {
   "args": [  ],
   "script": "return document.readyState"
}
[1764279414.351][INFO]: Waiting for pending navigations...
[1764279414.374][INFO]: Done waiting for pending navigations. Status: ok
[1764279414.449][INFO]: Waiting for pending navigations...
[1764279414.454][INFO]: Done waiting for pending navigations. Status: ok
[1764279414.454][INFO]: [cd2e7cf332bc04bde59894daddaadafa] RESPONSE ExecuteScript "complete"
[1764279419.474][INFO]: [cd2e7cf332bc04bde59894daddaadafa] COMMAND FindElement {
   "using": "xpath",
   "value": "//input[contains(@class, 'Pke_EE')]"
}
[1764279419.474][INFO]: Waiting for pending navigations...
[1764279419.475][INFO]: Done waiting for pending navigations. Status: ok
[1764279419.486][INFO]: Waiting for pending navigations...
[1764279419.489][INFO]: Done waiting for pending navigations. Status: ok
[1764279419.489][INFO]: [cd2e7cf332bc04bde59894daddaadafa] RESPONSE FindElement {
   "element-6066-11e4-a52e-4f735466cecf": "f.A0482CA59007B45076EDC5AA3A53D800.d.044D99995F1E8EE00A2123E98EED89B5.e.19293"
}
[1764279419.492][INFO]: [cd2e7cf332bc04bde59894daddaadafa] COMMAND ClickElement {
   "id": "f.A0482CA59007B45076EDC5AA3A53D800.d.044D99995F1E8EE00A2123E98EED89B5.e.19293"
}
[1764279419.492][INFO]: Waiting for pending navigations...
[1764279419.493][INFO]: Done waiting for pending navigations. Status: ok
[1764279419.646][INFO]: Waiting for pending navigations...
[1764279419.649][INFO]: Done waiting for pending navigations. Status: ok
[1764279419.649][INFO]: [cd2e7cf332bc04bde59894daddaadafa] RESPONSE ClickElement
[1764279419.959][INFO]: [cd2e7cf332bc04bde59894daddaadafa] COMMAND ClearElement {
   "id": "f.A0482CA59007B45076EDC5AA3A53D800.d.044D99995F1E8EE00A2123E98EED89B5.e.19293"
}
[1764279419.959][INFO]: Waiting for pending navigations...
[1764279419.960][INFO]: Done waiting for pending navigations. Status: ok
[1764279420.003][INFO]: Waiting for pending navigations...
[1764279420.006][INFO]: Done waiting for pending navigations. Status: ok
[1764279420.006][INFO]: [cd2e7cf332bc04bde59894daddaadafa] RESPONSE ClearElement
[1764279420.010][INFO]: [cd2e7cf332bc04bde59894daddaadafa] COMMAND TypeElement {
   "id": "f.A0482CA59007B45076EDC5AA3A53D800.d.044D99995F1E8EE00A2123E98EED89B5.e.19293",
   "text": "Coffee Mug",
   "value": [ "C", "o", "f", "f", "e", "e", " ", "M", "u", "g" ]
}
[1764279420.010][INFO]: Waiting for pending navigations...
[1764279420.011][INFO]: Done waiting for pending navigations. Status: ok
[1764279420.093][INFO]: Waiting for pending navigations...
[1764279420.102][INFO]: Done waiting for pending navigations. Status: ok
[1764279420.102][INFO]: [cd2e7cf332bc04bde59894daddaadafa] RESPONSE TypeElement
[1764279420.106][INFO]: [cd2e7cf332bc04bde59894daddaadafa] COMMAND TypeElement {
   "id": "f.A0482CA59007B45076EDC5AA3A53D800.d.044D99995F1E8EE00A2123E98EED89B5.e.19293",
   "text": "",
   "value": [ "" ]
}
[1764279420.106][INFO]: Waiting for pending navigations...
[1764279420.111][INFO]: Done waiting for pending navigations. Status: ok
[1764279420.167][INFO]: Waiting for pending navigations...
[1764279422.649][INFO]: Done waiting for pending navigations. Status: ok
[1764279422.649][INFO]: [cd2e7cf332bc04bde59894daddaadafa] RESPONSE TypeElement
[1764279422.652][INFO]: [cd2e7cf332bc04bde59894daddaadafa] COMMAND FindElements {
   "using": "xpath",
   "value": "//span[contains(@class, 'Wphh3N')]"
}
[1764279422.652][INFO]: Waiting for pending navigations...
[1764279422.668][INFO]: Done waiting for pending navigations. Status: ok
[1764279422.719][INFO]: Waiting for pending navigations...
[1764279422.721][INFO]: Done waiting for pending navigations. Status: ok
[1764279422.721][INFO]: [cd2e7cf332bc04bde59894daddaadafa] RESPONSE FindElements [ {
   "element-6066-11e4-a52e-4f735466cecf": "f.A0482CA59007B45076EDC5AA3A53D800.d.98A6D22E43B71939B85B3D9AB2F1840A.e.24644"
}, {
   "element-6066-11e4-a52e-4f735466cecf": "f.A0482CA59007B45076EDC5AA3A53D800.d.98A6D22E43B71939B85B3D9AB2F1840A.e.24676"
}, {
   "element-6066-11e4-a52e-4f735466cecf": "f.A0482CA59007B45076EDC5AA3A53D800.d.98A6D22E43B71939B85B3D9AB2F1840A.e.24702"
}, {
   "element-6066-11e4-a52e-4f735466cecf": "f.A0482CA59007B45076EDC5AA3A53D800.d.98A6D22E43B71939B85B3D9AB2F1840A.e.24730"
}, {
   "element-6066-11e4-a52e-4f735466cecf": "f.A0482CA59007B45076EDC5AA3A53D800.d.98A6D22E43B71939B85B3D9AB2F1840A.e.24763"
}, {
   "element-6066-11e4-a52e-4f735466cecf": "f.A0482CA59007B45076EDC5AA3A53D800.d.98A6D22E43B71939B85B3D9AB2F1840A.e.24794"
}, {
   "element-6066-11e4-a52e-4f735466cecf": "f.A0482CA59007B45076EDC5AA3A53D800.d.98A6D22E43B71939B85B3D9AB2F1840A.e.24820"
}, {
   "element-6066-11e4-a52e-4f735466cecf": "f.A0482CA59007B45076EDC5AA3A53D800.d.98A6D22E43B71939B85B3D9AB2F1840A.e.24874"
}, {
   "element-6066-11e4-a52e-4f735466cecf": "f.A0482CA59007B45076EDC5AA3A53D800.d.98A6D22E43B71939B85B3D9AB2F1840A.e.24902"
}, {
   "element-6066-11e4-a52e-4f735466cecf": "f.A0482CA59007B45076EDC5AA3A53D800.d.98A6D22E43B71939B85B3D9AB2F1840A.e.24954"
}, {
   "element-6066-11e4-a52e-4f735466cecf": "f.A0482CA59007B45076EDC5AA3A53D800.d.98A6D22E43B71939B85B3D9AB2F1840A.e.24988"
}, {
   "element-6066-11e4-a52e-4f735466cecf": "f.A0482CA59007B45076EDC5AA3A53D800.d.98A6D22E43B71939B85B3D9AB2F1840A.e.25038"
}, {
   "element-6066-11e4-a52e-4f735466cecf": "f.A0482CA59007B45076EDC5AA3A53D800.d.98A6D22E43B71939B85B3D9AB2F1840A.e.25066"
}, {
   "element-6066-11e4-a52e-4f735466cecf": "f.A0482CA59007B45076EDC5AA3A53D800.d.98A6D22E43B71939B85B3D9AB2F1840A.e.25166"
}, {
   "element-6066-11e4-a52e-4f735466cecf": "f.A0482CA59007B45076EDC5AA3A53D800.d.98A6D22E43B71939B85B3D9AB2F1840A.e.25202"
}, {
   "element-6066-11e4-a52e-4f735466cecf": "f.A0482CA59007B45076EDC5AA3A53D800.d.98A6D22E43B71939B85B3D9AB2F1840A.e.25234"
}, {
   "element-6066-11e4-a52e-4f735466cecf": "f.A0482CA59007B45076EDC5AA3A53D800.d.98A6D22E43B71939B85B3D9AB2F1840A.e.25263"
}, {
   "element-6066-11e4-a52e-4f735466cecf": "f.A0482CA59007B45076EDC5AA3A53D800.d.98A6D22E43B71939B85B3D9AB2F1840A.e.25291"
}, {
   "element-6066-11e4-a52e-4f735466cecf": "f.A0482CA59007B45076EDC5AA3A53D800.d.98A6D22E43B71939B85B3D9AB2F1840A.e.25324"
}, "..." ]
[1764279422.725][INFO]: [cd2e7cf332bc04bde59894daddaadafa] COMMAND GetElementText {
   "id": "f.A0482CA59007B45076EDC5AA3A53D800.d.98A6D22E43B71939B85B3D9AB2F1840A.e.24644"
}
[1764279422.725][INFO]: Waiting for pending navigations...
[1764279422.735][INFO]: Done waiting for pending navigations. Status: ok
[1764279422.793][INFO]: Waiting for pending navigations...
[1764279422.804][INFO]: Done waiting for pending navigations. Status: ok
[1764279422.804][INFO]: [cd2e7cf332bc04bde59894daddaadafa] RESPONSE GetElementText "(994)"
[1764279422.807][INFO]: [cd2e7cf332bc04bde59894daddaadafa] COMMAND GetElementText {
   "id": "f.A0482CA59007B45076EDC5AA3A53D800.d.98A6D22E43B71939B85B3D9AB2F1840A.e.24676"
}
[1764279422.807][INFO]: Waiting for pending navigations...
[1764279422.818][INFO]: Done waiting for pending navigations. Status: ok
[1764279422.882][INFO]: Waiting for pending navigations...
[1764279422.883][INFO]: Done waiting for pending navigations. Status: ok
[1764279422.883][INFO]: [cd2e7cf332bc04bde59894daddaadafa] RESPONSE GetElementText "(84)"
[1764279422.885][INFO]: [cd2e7cf332bc04bde59894daddaadafa] COMMAND GetElementText {
   "id": "f.A0482CA59007B45076EDC5AA3A53D800.d.98A6D22E43B71939B85B3D9AB2F1840A.e.24702"
}
[1764279422.886][INFO]: Waiting for pending navigations...
[1764279422.887][INFO]: Done waiting for pending navigations. Status: ok
[1764279422.896][INFO]: Waiting for pending navigations...
[1764279422.897][INFO]: Done waiting for pending navigations. Status: ok
[1764279422.897][INFO]: [cd2e7cf332bc04bde59894daddaadafa] RESPONSE GetElementText "(105)"
[1764279422.899][INFO]: [cd2e7cf332bc04bde59894daddaadafa] COMMAND GetElementText {
   "id": "f.A0482CA59007B45076EDC5AA3A53D800.d.98A6D22E43B71939B85B3D9AB2F1840A.e.24730"
}
[1764279422.899][INFO]: Waiting for pending navigations...
[1764279422.900][INFO]: Done waiting for pending navigations. Status: ok
[1764279422.909][INFO]: Waiting for pending navigations...
[1764279422.910][INFO]: Done waiting for pending navigations. Status: ok
[1764279422.910][INFO]: [cd2e7cf332bc04bde59894daddaadafa] RESPONSE GetElementText "(1,554)"
[1764279422.912][INFO]: [cd2e7cf332bc04bde59894daddaadafa] COMMAND GetElementText {
   "id": "f.A0482CA59007B45076EDC5AA3A53D800.d.98A6D22E43B71939B85B3D9AB2F1840A.e.24763"
}
[1764279422.912][INFO]: Waiting for pending navigations...
[1764279422.913][INFO]: Done waiting for pending navigations. Status: ok
[1764279422.923][INFO]: Waiting for pending navigations...
[1764279422.924][INFO]: Done waiting for pending navigations. Status: ok
[1764279422.924][INFO]: [cd2e7cf332bc04bde59894daddaadafa] RESPONSE GetElementText "(258)"
[1764279422.926][INFO]: [cd2e7cf332bc04bde59894daddaadafa] COMMAND GetElementText {
   "id": "f.A0482CA59007B45076EDC5AA3A53D800.d.98A6D22E43B71939B85B3D9AB2F1840A.e.24794"
}
[1764279422.926][INFO]: Waiting for pending navigations...
[1764279422.927][INFO]: Done waiting for pending navigations. Status: ok
[1764279422.936][INFO]: Waiting for pending navigations...
[1764279422.937][INFO]: Done waiting for pending navigations. Status: ok
[1764279422.937][INFO]: [cd2e7cf332bc04bde59894daddaadafa] RESPONSE GetElementText "(3,404)"
[1764279422.940][INFO]: [cd2e7cf332bc04bde59894daddaadafa] COMMAND GetElementText {
   "id": "f.A0482CA59007B45076EDC5AA3A53D800.d.98A6D22E43B71939B85B3D9AB2F1840A.e.24820"
}
[1764279422.940][INFO]: Waiting for pending navigations...
[1764279422.941][INFO]: Done waiting for pending navigations. Status: ok
[1764279422.951][INFO]: Waiting for pending navigations...
[1764279422.952][INFO]: Done waiting for pending navigations. Status: ok
[1764279422.952][INFO]: [cd2e7cf332bc04bde59894daddaadafa] RESPONSE GetElementText "(2,080)"
[1764279422.955][INFO]: [cd2e7cf332bc04bde59894daddaadafa] COMMAND GetElementText {
   "id": "f.A0482CA59007B45076EDC5AA3A53D800.d.98A6D22E43B71939B85B3D9AB2F1840A.e.24874"
}
[1764279422.955][INFO]: Waiting for pending navigations...
[1764279422.956][INFO]: Done waiting for pending navigations. Status: ok
[1764279422.966][INFO]: Waiting for pending navigations...
[1764279422.967][INFO]: Done waiting for pending navigations. Status: ok
[1764279422.967][INFO]: [cd2e7cf332bc04bde59894daddaadafa] RESPONSE GetElementText "(1,098)"
[1764279422.969][INFO]: [cd2e7cf332bc04bde59894daddaadafa] COMMAND GetElementText {
   "id": "f.A0482CA59007B45076EDC5AA3A53D800.d.98A6D22E43B71939B85B3D9AB2F1840A.e.24902"
}
[1764279422.969][INFO]: Waiting for pending navigations...
[1764279422.970][INFO]: Done waiting for pending navigations. Status: ok
[1764279422.979][INFO]: Waiting for pending navigations...
[1764279422.980][INFO]: Done waiting for pending navigations. Status: ok
[1764279422.980][INFO]: [cd2e7cf332bc04bde59894daddaadafa] RESPONSE GetElementText "(137)"
[1764279422.982][INFO]: [cd2e7cf332bc04bde59894daddaadafa] COMMAND GetElementText {
   "id": "f.A0482CA59007B45076EDC5AA3A53D800.d.98A6D22E43B71939B85B3D9AB2F1840A.e.24954"
}
[1764279422.982][INFO]: Waiting for pending navigations...
[1764279422.984][INFO]: Done waiting for pending navigations. Status: ok
[1764279422.993][INFO]: Waiting for pending navigations...
[1764279422.994][INFO]: Done waiting for pending navigations. Status: ok
[1764279422.994][INFO]: [cd2e7cf332bc04bde59894daddaadafa] RESPONSE GetElementText "(1,641)"
[1764279422.996][INFO]: [cd2e7cf332bc04bde59894daddaadafa] COMMAND GetElementText {
   "id": "f.A0482CA59007B45076EDC5AA3A53D800.d.98A6D22E43B71939B85B3D9AB2F1840A.e.24988"
}
[1764279422.996][INFO]: Waiting for pending navigations...
[1764279423.005][INFO]: Done waiting for pending navigations. Status: ok
[1764279423.015][INFO]: Waiting for pending navigations...
[1764279423.016][INFO]: Done waiting for pending navigations. Status: ok
[1764279423.016][INFO]: [cd2e7cf332bc04bde59894daddaadafa] RESPONSE GetElementText "(305)"
[1764279423.018][INFO]: [cd2e7cf332bc04bde59894daddaadafa] COMMAND GetElementText {
   "id": "f.A0482CA59007B45076EDC5AA3A53D800.d.98A6D22E43B71939B85B3D9AB2F1840A.e.25038"
}
[1764279423.018][INFO]: Waiting for pending navigations...
[1764279423.019][INFO]: Done waiting for pending navigations. Status: ok
[1764279423.029][INFO]: Waiting for pending navigations...
[1764279423.030][INFO]: Done waiting for pending navigations. Status: ok
[1764279423.030][INFO]: [cd2e7cf332bc04bde59894daddaadafa] RESPONSE GetElementText "(2,757)"
[1764279423.032][INFO]: [cd2e7cf332bc04bde59894daddaadafa] COMMAND GetElementText {
   "id": "f.A0482CA59007B45076EDC5AA3A53D800.d.98A6D22E43B71939B85B3D9AB2F1840A.e.25066"
}
[1764279423.032][INFO]: Waiting for pending navigations...
[1764279423.033][INFO]: Done waiting for pending navigations. Status: ok
[1764279423.043][INFO]: Waiting for pending navigations...
[1764279423.049][INFO]: Done waiting for pending navigations. Status: ok
[1764279423.050][INFO]: [cd2e7cf332bc04bde59894daddaadafa] RESPONSE GetElementText "(1,334)"
[1764279423.052][INFO]: [cd2e7cf332bc04bde59894daddaadafa] COMMAND GetElementText {
   "id": "f.A0482CA59007B45076EDC5AA3A53D800.d.98A6D22E43B71939B85B3D9AB2F1840A.e.25166"
}
[1764279423.052][INFO]: Waiting for pending navigations...
[1764279423.053][INFO]: Done waiting for pending navigations. Status: ok
[1764279423.063][INFO]: Waiting for pending navigations...
[1764279423.064][INFO]: Done waiting for pending navigations. Status: ok
[1764279423.064][INFO]: [cd2e7cf332bc04bde59894daddaadafa] RESPONSE GetElementText "(1,510)"
[1764279423.066][INFO]: [cd2e7cf332bc04bde59894daddaadafa] COMMAND GetElementText {
   "id": "f.A0482CA59007B45076EDC5AA3A53D800.d.98A6D22E43B71939B85B3D9AB2F1840A.e.25202"
}
[1764279423.066][INFO]: Waiting for pending navigations...
[1764279423.067][INFO]: Done waiting for pending navigations. Status: ok
[1764279423.079][INFO]: Waiting for pending navigations...
[1764279423.079][INFO]: Done waiting for pending navigations. Status: ok
[1764279423.080][INFO]: [cd2e7cf332bc04bde59894daddaadafa] RESPONSE GetElementText "(13)"
[1764279423.082][INFO]: [cd2e7cf332bc04bde59894daddaadafa] COMMAND GetElementText {
   "id": "f.A0482CA59007B45076EDC5AA3A53D800.d.98A6D22E43B71939B85B3D9AB2F1840A.e.25234"
}
[1764279423.082][INFO]: Waiting for pending navigations...
[1764279423.083][INFO]: Done waiting for pending navigations. Status: ok
[1764279423.092][INFO]: Waiting for pending navigations...
[1764279423.093][INFO]: Done waiting for pending navigations. Status: ok
[1764279423.093][INFO]: [cd2e7cf332bc04bde59894daddaadafa] RESPONSE GetElementText "(2,238)"
[1764279423.095][INFO]: [cd2e7cf332bc04bde59894daddaadafa] COMMAND GetElementText {
   "id": "f.A0482CA59007B45076EDC5AA3A53D800.d.98A6D22E43B71939B85B3D9AB2F1840A.e.25263"
}
[1764279423.095][INFO]: Waiting for pending navigations...
[1764279423.096][INFO]: Done waiting for pending navigations. Status: ok
[1764279423.106][INFO]: Waiting for pending navigations...
[1764279423.107][INFO]: Done waiting for pending navigations. Status: ok
[1764279423.107][INFO]: [cd2e7cf332bc04bde59894daddaadafa] RESPONSE GetElementText "(699)"
[1764279423.109][INFO]: [cd2e7cf332bc04bde59894daddaadafa] COMMAND GetElementText {
   "id": "f.A0482CA59007B45076EDC5AA3A53D800.d.98A6D22E43B71939B85B3D9AB2F1840A.e.25291"
}
[1764279423.109][INFO]: Waiting for pending navigations...
[1764279423.110][INFO]: Done waiting for pending navigations. Status: ok
[1764279423.118][INFO]: Waiting for pending navigations...
[1764279423.119][INFO]: Done waiting for pending navigations. Status: ok
[1764279423.119][INFO]: [cd2e7cf332bc04bde59894daddaadafa] RESPONSE GetElementText "(374)"
[1764279423.122][INFO]: [cd2e7cf332bc04bde59894daddaadafa] COMMAND GetElementText {
   "id": "f.A0482CA59007B45076EDC5AA3A53D800.d.98A6D22E43B71939B85B3D9AB2F1840A.e.25324"
}
[1764279423.122][INFO]: Waiting for pending navigations...
[1764279423.123][INFO]: Done waiting for pending navigations. Status: ok
[1764279423.131][INFO]: Waiting for pending navigations...
[1764279423.132][INFO]: Done waiting for pending navigations. Status: ok
[1764279423.132][INFO]: [cd2e7cf332bc04bde59894daddaadafa] RESPONSE GetElementText "(445)"
[1764279423.135][INFO]: [cd2e7cf332bc04bde59894daddaadafa] COMMAND GetElementText {
   "id": "f.A0482CA59007B45076EDC5AA3A53D800.d.98A6D22E43B71939B85B3D9AB2F1840A.e.25352"
}
[1764279423.135][INFO]: Waiting for pending navigations...
[1764279423.136][INFO]: Done waiting for pending navigations. Status: ok
[1764279423.145][INFO]: Waiting for pending navigations...
[1764279423.146][INFO]: Done waiting for pending navigations. Status: ok
[1764279423.146][INFO]: [cd2e7cf332bc04bde59894daddaadafa] RESPONSE GetElementText "(878)"
[1764279423.148][INFO]: [cd2e7cf332bc04bde59894daddaadafa] COMMAND GetElementText {
   "id": "f.A0482CA59007B45076EDC5AA3A53D800.d.98A6D22E43B71939B85B3D9AB2F1840A.e.25383"
}
[1764279423.148][INFO]: Waiting for pending navigations...
[1764279423.149][INFO]: Done waiting for pending navigations. Status: ok
[1764279423.158][INFO]: Waiting for pending navigations...
[1764279423.159][INFO]: Done waiting for pending navigations. Status: ok
[1764279423.159][INFO]: [cd2e7cf332bc04bde59894daddaadafa] RESPONSE GetElementText "(391)"
[1764279423.161][INFO]: [cd2e7cf332bc04bde59894daddaadafa] COMMAND GetElementText {
   "id": "f.A0482CA59007B45076EDC5AA3A53D800.d.98A6D22E43B71939B85B3D9AB2F1840A.e.25410"
}
[1764279423.161][INFO]: Waiting for pending navigations...
[1764279423.162][INFO]: Done waiting for pending navigations. Status: ok
[1764279423.171][INFO]: Waiting for pending navigations...
[1764279423.172][INFO]: Done waiting for pending navigations. Status: ok
[1764279423.172][INFO]: [cd2e7cf332bc04bde59894daddaadafa] RESPONSE GetElementText "(401)"
[1764279423.174][INFO]: [cd2e7cf332bc04bde59894daddaadafa] COMMAND GetElementText {
   "id": "f.A0482CA59007B45076EDC5AA3A53D800.d.98A6D22E43B71939B85B3D9AB2F1840A.e.25464"
}
[1764279423.174][INFO]: Waiting for pending navigations...
[1764279423.175][INFO]: Done waiting for pending navigations. Status: ok
[1764279423.185][INFO]: Waiting for pending navigations...
[1764279423.186][INFO]: Done waiting for pending navigations. Status: ok
[1764279423.186][INFO]: [cd2e7cf332bc04bde59894daddaadafa] RESPONSE GetElementText "(144)"
[1764279423.188][INFO]: [cd2e7cf332bc04bde59894daddaadafa] COMMAND GetElementText {
   "id": "f.A0482CA59007B45076EDC5AA3A53D800.d.98A6D22E43B71939B85B3D9AB2F1840A.e.25495"
}
[1764279423.188][INFO]: Waiting for pending navigations...
[1764279423.189][INFO]: Done waiting for pending navigations. Status: ok
[1764279423.198][INFO]: Waiting for pending navigations...
[1764279423.199][INFO]: Done waiting for pending navigations. Status: ok
[1764279423.199][INFO]: [cd2e7cf332bc04bde59894daddaadafa] RESPONSE GetElementText "(341)"
[1764279423.200][INFO]: [cd2e7cf332bc04bde59894daddaadafa] COMMAND GetElementText {
   "id": "f.A0482CA59007B45076EDC5AA3A53D800.d.98A6D22E43B71939B85B3D9AB2F1840A.e.25527"
}
[1764279423.200][INFO]: Waiting for pending navigations...
[1764279423.201][INFO]: Done waiting for pending navigations. Status: ok
[1764279423.210][INFO]: Waiting for pending navigations...
[1764279423.211][INFO]: Done waiting for pending navigations. Status: ok
[1764279423.211][INFO]: [cd2e7cf332bc04bde59894daddaadafa] RESPONSE GetElementText "(62)"
[1764279423.213][INFO]: [cd2e7cf332bc04bde59894daddaadafa] COMMAND GetElementText {
   "id": "f.A0482CA59007B45076EDC5AA3A53D800.d.98A6D22E43B71939B85B3D9AB2F1840A.e.25559"
}
[1764279423.213][INFO]: Waiting for pending navigations...
[1764279423.214][INFO]: Done waiting for pending navigations. Status: ok
[1764279423.223][INFO]: Waiting for pending navigations...
[1764279423.224][INFO]: Done waiting for pending navigations. Status: ok
[1764279423.224][INFO]: [cd2e7cf332bc04bde59894daddaadafa] RESPONSE GetElementText "(156)"
[1764279423.226][INFO]: [cd2e7cf332bc04bde59894daddaadafa] COMMAND GetElementText {
   "id": "f.A0482CA59007B45076EDC5AA3A53D800.d.98A6D22E43B71939B85B3D9AB2F1840A.e.25585"
}
[1764279423.226][INFO]: Waiting for pending navigations...
[1764279423.227][INFO]: Done waiting for pending navigations. Status: ok
[1764279423.236][INFO]: Waiting for pending navigations...
[1764279423.237][INFO]: Done waiting for pending navigations. Status: ok
[1764279423.237][INFO]: [cd2e7cf332bc04bde59894daddaadafa] RESPONSE GetElementText "(152)"
[1764279423.239][INFO]: [cd2e7cf332bc04bde59894daddaadafa] COMMAND GetElementText {
   "id": "f.A0482CA59007B45076EDC5AA3A53D800.d.98A6D22E43B71939B85B3D9AB2F1840A.e.25634"
}
[1764279423.239][INFO]: Waiting for pending navigations...
[1764279423.240][INFO]: Done waiting for pending navigations. Status: ok
[1764279423.249][INFO]: Waiting for pending navigations...
[1764279423.250][INFO]: Done waiting for pending navigations. Status: ok
[1764279423.250][INFO]: [cd2e7cf332bc04bde59894daddaadafa] RESPONSE GetElementText "(785)"
[1764279423.252][INFO]: [cd2e7cf332bc04bde59894daddaadafa] COMMAND GetElementText {
   "id": "f.A0482CA59007B45076EDC5AA3A53D800.d.98A6D22E43B71939B85B3D9AB2F1840A.e.25670"
}
[1764279423.252][INFO]: Waiting for pending navigations...
[1764279423.253][INFO]: Done waiting for pending navigations. Status: ok
[1764279423.262][INFO]: Waiting for pending navigations...
[1764279423.263][INFO]: Done waiting for pending navigations. Status: ok
[1764279423.263][INFO]: [cd2e7cf332bc04bde59894daddaadafa] RESPONSE GetElementText "(36)"
[1764279423.265][INFO]: [cd2e7cf332bc04bde59894daddaadafa] COMMAND GetElementText {
   "id": "f.A0482CA59007B45076EDC5AA3A53D800.d.98A6D22E43B71939B85B3D9AB2F1840A.e.25702"
}
[1764279423.265][INFO]: Waiting for pending navigations...
[1764279423.266][INFO]: Done waiting for pending navigations. Status: ok
[1764279423.275][INFO]: Waiting for pending navigations...
[1764279423.276][INFO]: Done waiting for pending navigations. Status: ok
[1764279423.276][INFO]: [cd2e7cf332bc04bde59894daddaadafa] RESPONSE GetElementText "(71)"
[1764279423.278][INFO]: [cd2e7cf332bc04bde59894daddaadafa] COMMAND GetElementText {
   "id": "f.A0482CA59007B45076EDC5AA3A53D800.d.98A6D22E43B71939B85B3D9AB2F1840A.e.25726"
}
[1764279423.278][INFO]: Waiting for pending navigations...
[1764279423.279][INFO]: Done waiting for pending navigations. Status: ok
[1764279423.288][INFO]: Waiting for pending navigations...
[1764279423.289][INFO]: Done waiting for pending navigations. Status: ok
[1764279423.289][INFO]: [cd2e7cf332bc04bde59894daddaadafa] RESPONSE GetElementText "(66)"
[1764279423.291][INFO]: [cd2e7cf332bc04bde59894daddaadafa] COMMAND GetElementText {
   "id": "f.A0482CA59007B45076EDC5AA3A53D800.d.98A6D22E43B71939B85B3D9AB2F1840A.e.25754"
}
[1764279423.291][INFO]: Waiting for pending navigations...
[1764279423.292][INFO]: Done waiting for pending navigations. Status: ok
[1764279423.301][INFO]: Waiting for pending navigations...
[1764279423.302][INFO]: Done waiting for pending navigations. Status: ok
[1764279423.302][INFO]: [cd2e7cf332bc04bde59894daddaadafa] RESPONSE GetElementText "(3,050)"
[1764279423.305][INFO]: [cd2e7cf332bc04bde59894daddaadafa] COMMAND FindChildElement {
   "id": "f.A0482CA59007B45076EDC5AA3A53D800.d.98A6D22E43B71939B85B3D9AB2F1840A.e.24794",
   "using": "xpath",
   "value": "./ancestor::div[contains(@class, 'slAVV4')]//img[contains(@class, 'DByuf4')]"
}
[1764279423.305][INFO]: Waiting for pending navigations...
[1764279423.306][INFO]: Done waiting for pending navigations. Status: ok
[1764279423.320][INFO]: Waiting for pending navigations...
[1764279423.320][INFO]: Done waiting for pending navigations. Status: ok
[1764279423.320][INFO]: [cd2e7cf332bc04bde59894daddaadafa] RESPONSE FindChildElement {
   "element-6066-11e4-a52e-4f735466cecf": "f.A0482CA59007B45076EDC5AA3A53D800.d.98A6D22E43B71939B85B3D9AB2F1840A.e.24780"
}
[1764279423.323][INFO]: [cd2e7cf332bc04bde59894daddaadafa] COMMAND FindChildElement {
   "id": "f.A0482CA59007B45076EDC5AA3A53D800.d.98A6D22E43B71939B85B3D9AB2F1840A.e.24794",
   "using": "xpath",
   "value": "./ancestor::div[contains(@class, 'slAVV4')]//a[contains(@class, 'wjcEIp')]"
}
[1764279423.323][INFO]: Waiting for pending navigations...
[1764279423.324][INFO]: Done waiting for pending navigations. Status: ok
[1764279423.339][INFO]: Waiting for pending navigations...
[1764279423.341][INFO]: Done waiting for pending navigations. Status: ok
[1764279423.341][INFO]: [cd2e7cf332bc04bde59894daddaadafa] RESPONSE FindChildElement {
   "element-6066-11e4-a52e-4f735466cecf": "f.A0482CA59007B45076EDC5AA3A53D800.d.98A6D22E43B71939B85B3D9AB2F1840A.e.24803"
}
[1764279423.343][INFO]: [cd2e7cf332bc04bde59894daddaadafa] COMMAND GetElementText {
   "id": "f.A0482CA59007B45076EDC5AA3A53D800.d.98A6D22E43B71939B85B3D9AB2F1840A.e.24803"
}
[1764279423.343][INFO]: Waiting for pending navigations...
[1764279423.344][INFO]: Done waiting for pending navigations. Status: ok
[1764279423.353][INFO]: Waiting for pending navigations...
[1764279423.353][INFO]: Done waiting for pending navigations. Status: ok
[1764279423.353][INFO]: [cd2e7cf332bc04bde59894daddaadafa] RESPONSE GetElementText "papita Moti Glass Glass Coffee Mug"
[1764279423.358][INFO]: [cd2e7cf332bc04bde59894daddaadafa] COMMAND ExecuteScript {
   "args": [ {
      "element-6066-11e4-a52e-4f735466cecf": "f.A0482CA59007B45076EDC5AA3A53D800.d.98A6D22E43B71939B85B3D9AB2F1840A.e.24780"
   }, "src" ],
   "script": "/* getAttribute */return (function(){return (function(){var d=this||self;function f(a,b){function c(){}c.prototype=b.prototype;a.prototype=new c;a.prototype.constructor=a};var h=Array.prototype.indexOf?function(a,b){return Array.prototype.indexOf.call(a,b,void 0)}:function(a,b){if(\"string\"===typeof a)return\"string\"!==typeof b||1!=b.length?-1:a.indexOf(b,0);for(var c=0;c\u003Ca.length;c++)if(c in a&&a[c]===b)return c;return-1},k=Array.prototype.forEach?function(a,b){Array.prototype.forEach.call(a,b,void 0)}:function(a,b){for(var c=a.length,e=\"string\"===typeof a?a.split(\"\"):a,g=0;g\u003Cc;g++)g in e&&b.call(void 0,e[g],g,a)};function l(a,b){this.code=a;this.a=m[a]||n;this.message=b||\"\";a=this.a.replace(/((?:^|\\s+)[a-z])/g,function(c){return c.toUpperCase().replace(/^[\\s\\xa0]+/g,\"\")});b=a.length-5;if(0>b||a.indexOf(\"Error\",b)!=b)a+=\"Error\";this.name=a;a=Error(this.message);a.name=this.name;this.stack=a.stack||\"\"}f(l,Error);var n=\"unknown error\",m={15:\"element not selectable\",11:\"element not visible\"};m[31]=n;m[30]=n;m[24]=\"invalid cookie domain\";m[29]=\"invalid element coordinates\";m[12]=\"invalid element state\";m[32]=\"invalid selector\";\nm[51]=\"invalid selector\";m[52]=\"invalid selector\";m[17]=\"javascript error\";m[405]=\"unsupported operation\";m[34]=\"move target out of bounds\";m[27]=\"no such alert\";m[7]=\"no such element\";m[8]=\"no such frame\";m[23]=\"no such window\";m[28]=\"script timeout\";m[33]=\"session not created\";m[10]=\"stale element reference\";m[21]=\"timeout\";m[25]=\"unable to set cookie\";m[26]=\"unexpected alert open\";m[13]=n;m[9]=\"unknown command\";var p;a:{var q=d.navigator;if(q){var r=q.userAgent;if(r){p=r;break a}}p=\"\"}function t(a){return-1!=p.indexOf(a)};function u(){return t(\"Firefox\")||t(\"FxiOS\")}function v(){return(t(\"Chrome\")||t(\"CriOS\"))&&!t(\"Edge\")};function w(){return t(\"iPhone\")&&!t(\"iPod\")&&!t(\"iPad\")};var y=t(\"Opera\"),z=t(\"Trident\")||t(\"MSIE\"),A=t(\"Edge\"),B=t(\"Gecko\")&&!(-1!=p.toLowerCase().indexOf(\"webkit\")&&!t(\"Edge\"))&&!(t(\"Trident\")||t(\"MSIE\"))&&!t(\"Edge\"),C=-1!=p.toLowerCase().indexOf(\"webkit\")&&!t(\"Edge\");function D(){var a=d.document;return a?a.documentMode:void 0}var E;\na:{var F=\"\",G=function(){var a=p;if(B)return/rv:([^\\);]+)(\\)|;)/.exec(a);if(A)return/Edge\\/([\\d\\.]+)/.exec(a);if(z)return/\\b(?:MSIE|rv)[: ]([^\\);]+)(\\)|;)/.exec(a);if(C)return/WebKit\\/(\\S+)/.exec(a);if(y)return/(?:Version)[ \\/]?(\\S+)/.exec(a)}();G&&(F=G?G[1]:\"\");if(z){var H=D();if(null!=H&&H>parseFloat(F)){E=String(H);break a}}E=F}var I;I=d.document&&z?D():void 0;var J=u(),K=w()||t(\"iPod\"),L=t(\"iPad\"),M=t(\"Android\")&&!(v()||u()||t(\"Opera\")||t(\"Silk\")),N=v(),aa=t(\"Safari\")&&!(v()||t(\"Coast\")||t(\"Opera\")||t(\"Edge\")||t(\"Edg/\")||t(\"OPR\")||u()||t(\"Silk\")||t(\"Android\"))&&!(w()||t(\"iPad\")||t(\"iPod\"));function O(a){return(a=a.exec(p))?a[1]:\"\"}(function(){if(J)return O(/Firefox\\/([0-9.]+)/);if(z||A||y)return E;if(N)return w()||t(\"iPad\")||t(\"iPod\")?O(/CriOS\\/([0-9.]+)/):O(/Chrome\\/([0-9.]+)/);if(aa&&!(w()||t(\"iPad\")||t(\"iPod\")))return O(/Version\\/([0-9.]+)/);if(K||L){var a=/Version\\/(\\S+).*Mobile\\/(\\S+)/.exec(p);if(a)return a[1]+\".\"+a[2]}else if(M)return(a=O(/Android\\s+([0-9.]+)/))?a:O(/Version\\/([0-9.]+)/);return\"\"})();var P=z&&!(8\u003C=Number(I)),ba=z&&!(9\u003C=Number(I));var ca={SCRIPT:1,STYLE:1,HEAD:1,IFRAME:1,OBJECT:1},Q={IMG:\" \",BR:\"\\n\"};function R(a,b,c){if(!(a.nodeName in ca))if(3==a.nodeType)c?b.push(String(a.nodeValue).replace(/(\\r\\n|\\r|\\n)/g,\"\")):b.push(a.nodeValue);else if(a.nodeName in Q)b.push(Q[a.nodeName]);else for(a=a.firstChild;a;)R(a,b,c),a=a.nextSibling};function S(a,b){b=b.toLowerCase();return\"style\"==b?da(a.style.cssText):P&&\"value\"==b&&T(a,\"INPUT\")?a.value:ba&&!0===a[b]?String(a.getAttribute(b)):(a=a.getAttributeNode(b))&&a.specified?a.value:null}var ea=/[;]+(?=(?:(?:[^\"]*\"){2})*[^\"]*$)(?=(?:(?:[^']*'){2})*[^']*$)(?=(?:[^()]*\\([^()]*\\))*[^()]*$)/;\nfunction da(a){var b=[];k(a.split(ea),function(c){var e=c.indexOf(\":\");0\u003Ce&&(c=[c.slice(0,e),c.slice(e+1)],2==c.length&&b.push(c[0].toLowerCase(),\":\",c[1],\";\"))});b=b.join(\"\");return b=\";\"==b.charAt(b.length-1)?b:b+\";\"}function U(a,b){P&&\"value\"==b&&T(a,\"OPTION\")&&null===S(a,\"value\")?(b=[],R(a,b,!1),a=b.join(\"\")):a=a[b];return a}function T(a,b){b&&\"string\"!==typeof b&&(b=b.toString());return!!a&&1==a.nodeType&&(!b||a.tagName.toUpperCase()==b)}\nfunction V(a){return T(a,\"OPTION\")?!0:T(a,\"INPUT\")?(a=a.type.toLowerCase(),\"checkbox\"==a||\"radio\"==a):!1};var fa={\"class\":\"className\",readonly:\"readOnly\"},ha=\"allowfullscreen allowpaymentrequest allowusermedia async autofocus autoplay checked compact complete controls declare default defaultchecked defaultselected defer disabled ended formnovalidate hidden indeterminate iscontenteditable ismap itemscope loop multiple muted nohref nomodule noresize noshade novalidate nowrap open paused playsinline pubdate readonly required reversed scoped seamless seeking selected truespeed typemustmatch willvalidate\".split(\" \");function W(a,b){var c=null,e=b.toLowerCase();if(\"style\"==e)return(c=a.style)&&\"string\"!=typeof c&&(c=c.cssText),c;if((\"selected\"==e||\"checked\"==e)&&V(a)){if(!V(a))throw new l(15,\"Element is not selectable\");b=\"selected\";c=a.type&&a.type.toLowerCase();if(\"checkbox\"==c||\"radio\"==c)b=\"checked\";return U(a,b)?\"true\":null}var g=T(a,\"A\");if(T(a,\"IMG\")&&\"src\"==e||g&&\"href\"==e)return(c=S(a,e))&&(c=U(a,e)),c;if(\"spellcheck\"==e){c=S(a,e);if(null!==c){if(\"false\"==c.toLowerCase())return\"false\";if(\"true\"==c.toLowerCase())return\"true\"}return U(a,\ne)+\"\"}g=fa[b]||b;if(0\u003C=h(ha,e))return(c=null!==S(a,b)||U(a,g))?\"true\":null;try{var x=U(a,g)}catch(ia){}(e=null==x)||(e=typeof x,e=\"object\"==e&&null!=x||\"function\"==e);e?c=S(a,b):c=x;return null!=c?c.toString():null}var X=[\"_\"],Y=d;X[0]in Y||\"undefined\"==typeof Y.execScript||Y.execScript(\"var \"+X[0]);for(var Z;X.length&&(Z=X.shift());)X.length||void 0===W?Y[Z]&&Y[Z]!==Object.prototype[Z]?Y=Y[Z]:Y=Y[Z]={}:Y[Z]=W;; return this._.apply(null,arguments);}).apply({navigator:typeof window!='undefined'?window.navigator:null,document:typeof window!='undefined'?window.document:null}, arguments);}\n).apply(null, arguments);"
}
[1764279423.358][INFO]: Waiting for pending navigations...
[1764279423.359][INFO]: Done waiting for pending navigations. Status: ok
[1764279423.375][INFO]: Waiting for pending navigations...
[1764279423.376][INFO]: Done waiting for pending navigations. Status: ok
[1764279423.376][INFO]: [cd2e7cf332bc04bde59894daddaadafa] RESPONSE ExecuteScript "https://rukminim2.flixcart.com/image/612/612/xif0q/mug/z/q/k/insulated-pearls-handle-glass-with-straw-350-1-uratech-original-imahh4jguuzbq2yz.jpeg?q=70"
[1764279423.378][INFO]: [cd2e7cf332bc04bde59894daddaadafa] COMMAND FindChildElement {
   "id": "f.A0482CA59007B45076EDC5AA3A53D800.d.98A6D22E43B71939B85B3D9AB2F1840A.e.25754",
   "using": "xpath",
   "value": "./ancestor::div[contains(@class, 'slAVV4')]//img[contains(@class, 'DByuf4')]"
}
[1764279423.378][INFO]: Waiting for pending navigations...
[1764279423.379][INFO]: Done waiting for pending navigations. Status: ok
[1764279423.388][INFO]: Waiting for pending navigations...
[1764279423.389][INFO]: Done waiting for pending navigations. Status: ok
[1764279423.389][INFO]: [cd2e7cf332bc04bde59894daddaadafa] RESPONSE FindChildElement {
   "element-6066-11e4-a52e-4f735466cecf": "f.A0482CA59007B45076EDC5AA3A53D800.d.98A6D22E43B71939B85B3D9AB2F1840A.e.25743"
}
[1764279423.392][INFO]: [cd2e7cf332bc04bde59894daddaadafa] COMMAND FindChildElement {
   "id": "f.A0482CA59007B45076EDC5AA3A53D800.d.98A6D22E43B71939B85B3D9AB2F1840A.e.25754",
   "using": "xpath",
   "value": "./ancestor::div[contains(@class, 'slAVV4')]//a[contains(@class, 'wjcEIp')]"
}
[1764279423.392][INFO]: Waiting for pending navigations...
[1764279423.393][INFO]: Done waiting for pending navigations. Status: ok
[1764279423.401][INFO]: Waiting for pending navigations...
[1764279423.402][INFO]: Done waiting for pending navigations. Status: ok
[1764279423.402][INFO]: [cd2e7cf332bc04bde59894daddaadafa] RESPONSE FindChildElement {
   "element-6066-11e4-a52e-4f735466cecf": "f.A0482CA59007B45076EDC5AA3A53D800.d.98A6D22E43B71939B85B3D9AB2F1840A.e.25764"
}
[1764279423.405][INFO]: [cd2e7cf332bc04bde59894daddaadafa] COMMAND GetElementText {
   "id": "f.A0482CA59007B45076EDC5AA3A53D800.d.98A6D22E43B71939B85B3D9AB2F1840A.e.25764"
}
[1764279423.405][INFO]: Waiting for pending navigations...
[1764279423.406][INFO]: Done waiting for pending navigations. Status: ok
[1764279423.415][INFO]: Waiting for pending navigations...
[1764279423.416][INFO]: Done waiting for pending navigations. Status: ok
[1764279423.416][INFO]: [cd2e7cf332bc04bde59894daddaadafa] RESPONSE GetElementText "MILTON Thermosteel , 300 ml, Black | Hot & Cold | Soup ..."
[1764279423.419][INFO]: [cd2e7cf332bc04bde59894daddaadafa] COMMAND ExecuteScript {
   "args": [ {
      "element-6066-11e4-a52e-4f735466cecf": "f.A0482CA59007B45076EDC5AA3A53D800.d.98A6D22E43B71939B85B3D9AB2F1840A.e.25743"
   }, "src" ],
   "script": "/* getAttribute */return (function(){return (function(){var d=this||self;function f(a,b){function c(){}c.prototype=b.prototype;a.prototype=new c;a.prototype.constructor=a};var h=Array.prototype.indexOf?function(a,b){return Array.prototype.indexOf.call(a,b,void 0)}:function(a,b){if(\"string\"===typeof a)return\"string\"!==typeof b||1!=b.length?-1:a.indexOf(b,0);for(var c=0;c\u003Ca.length;c++)if(c in a&&a[c]===b)return c;return-1},k=Array.prototype.forEach?function(a,b){Array.prototype.forEach.call(a,b,void 0)}:function(a,b){for(var c=a.length,e=\"string\"===typeof a?a.split(\"\"):a,g=0;g\u003Cc;g++)g in e&&b.call(void 0,e[g],g,a)};function l(a,b){this.code=a;this.a=m[a]||n;this.message=b||\"\";a=this.a.replace(/((?:^|\\s+)[a-z])/g,function(c){return c.toUpperCase().replace(/^[\\s\\xa0]+/g,\"\")});b=a.length-5;if(0>b||a.indexOf(\"Error\",b)!=b)a+=\"Error\";this.name=a;a=Error(this.message);a.name=this.name;this.stack=a.stack||\"\"}f(l,Error);var n=\"unknown error\",m={15:\"element not selectable\",11:\"element not visible\"};m[31]=n;m[30]=n;m[24]=\"invalid cookie domain\";m[29]=\"invalid element coordinates\";m[12]=\"invalid element state\";m[32]=\"invalid selector\";\nm[51]=\"invalid selector\";m[52]=\"invalid selector\";m[17]=\"javascript error\";m[405]=\"unsupported operation\";m[34]=\"move target out of bounds\";m[27]=\"no such alert\";m[7]=\"no such element\";m[8]=\"no such frame\";m[23]=\"no such window\";m[28]=\"script timeout\";m[33]=\"session not created\";m[10]=\"stale element reference\";m[21]=\"timeout\";m[25]=\"unable to set cookie\";m[26]=\"unexpected alert open\";m[13]=n;m[9]=\"unknown command\";var p;a:{var q=d.navigator;if(q){var r=q.userAgent;if(r){p=r;break a}}p=\"\"}function t(a){return-1!=p.indexOf(a)};function u(){return t(\"Firefox\")||t(\"FxiOS\")}function v(){return(t(\"Chrome\")||t(\"CriOS\"))&&!t(\"Edge\")};function w(){return t(\"iPhone\")&&!t(\"iPod\")&&!t(\"iPad\")};var y=t(\"Opera\"),z=t(\"Trident\")||t(\"MSIE\"),A=t(\"Edge\"),B=t(\"Gecko\")&&!(-1!=p.toLowerCase().indexOf(\"webkit\")&&!t(\"Edge\"))&&!(t(\"Trident\")||t(\"MSIE\"))&&!t(\"Edge\"),C=-1!=p.toLowerCase().indexOf(\"webkit\")&&!t(\"Edge\");function D(){var a=d.document;return a?a.documentMode:void 0}var E;\na:{var F=\"\",G=function(){var a=p;if(B)return/rv:([^\\);]+)(\\)|;)/.exec(a);if(A)return/Edge\\/([\\d\\.]+)/.exec(a);if(z)return/\\b(?:MSIE|rv)[: ]([^\\);]+)(\\)|;)/.exec(a);if(C)return/WebKit\\/(\\S+)/.exec(a);if(y)return/(?:Version)[ \\/]?(\\S+)/.exec(a)}();G&&(F=G?G[1]:\"\");if(z){var H=D();if(null!=H&&H>parseFloat(F)){E=String(H);break a}}E=F}var I;I=d.document&&z?D():void 0;var J=u(),K=w()||t(\"iPod\"),L=t(\"iPad\"),M=t(\"Android\")&&!(v()||u()||t(\"Opera\")||t(\"Silk\")),N=v(),aa=t(\"Safari\")&&!(v()||t(\"Coast\")||t(\"Opera\")||t(\"Edge\")||t(\"Edg/\")||t(\"OPR\")||u()||t(\"Silk\")||t(\"Android\"))&&!(w()||t(\"iPad\")||t(\"iPod\"));function O(a){return(a=a.exec(p))?a[1]:\"\"}(function(){if(J)return O(/Firefox\\/([0-9.]+)/);if(z||A||y)return E;if(N)return w()||t(\"iPad\")||t(\"iPod\")?O(/CriOS\\/([0-9.]+)/):O(/Chrome\\/([0-9.]+)/);if(aa&&!(w()||t(\"iPad\")||t(\"iPod\")))return O(/Version\\/([0-9.]+)/);if(K||L){var a=/Version\\/(\\S+).*Mobile\\/(\\S+)/.exec(p);if(a)return a[1]+\".\"+a[2]}else if(M)return(a=O(/Android\\s+([0-9.]+)/))?a:O(/Version\\/([0-9.]+)/);return\"\"})();var P=z&&!(8\u003C=Number(I)),ba=z&&!(9\u003C=Number(I));var ca={SCRIPT:1,STYLE:1,HEAD:1,IFRAME:1,OBJECT:1},Q={IMG:\" \",BR:\"\\n\"};function R(a,b,c){if(!(a.nodeName in ca))if(3==a.nodeType)c?b.push(String(a.nodeValue).replace(/(\\r\\n|\\r|\\n)/g,\"\")):b.push(a.nodeValue);else if(a.nodeName in Q)b.push(Q[a.nodeName]);else for(a=a.firstChild;a;)R(a,b,c),a=a.nextSibling};function S(a,b){b=b.toLowerCase();return\"style\"==b?da(a.style.cssText):P&&\"value\"==b&&T(a,\"INPUT\")?a.value:ba&&!0===a[b]?String(a.getAttribute(b)):(a=a.getAttributeNode(b))&&a.specified?a.value:null}var ea=/[;]+(?=(?:(?:[^\"]*\"){2})*[^\"]*$)(?=(?:(?:[^']*'){2})*[^']*$)(?=(?:[^()]*\\([^()]*\\))*[^()]*$)/;\nfunction da(a){var b=[];k(a.split(ea),function(c){var e=c.indexOf(\":\");0\u003Ce&&(c=[c.slice(0,e),c.slice(e+1)],2==c.length&&b.push(c[0].toLowerCase(),\":\",c[1],\";\"))});b=b.join(\"\");return b=\";\"==b.charAt(b.length-1)?b:b+\";\"}function U(a,b){P&&\"value\"==b&&T(a,\"OPTION\")&&null===S(a,\"value\")?(b=[],R(a,b,!1),a=b.join(\"\")):a=a[b];return a}function T(a,b){b&&\"string\"!==typeof b&&(b=b.toString());return!!a&&1==a.nodeType&&(!b||a.tagName.toUpperCase()==b)}\nfunction V(a){return T(a,\"OPTION\")?!0:T(a,\"INPUT\")?(a=a.type.toLowerCase(),\"checkbox\"==a||\"radio\"==a):!1};var fa={\"class\":\"className\",readonly:\"readOnly\"},ha=\"allowfullscreen allowpaymentrequest allowusermedia async autofocus autoplay checked compact complete controls declare default defaultchecked defaultselected defer disabled ended formnovalidate hidden indeterminate iscontenteditable ismap itemscope loop multiple muted nohref nomodule noresize noshade novalidate nowrap open paused playsinline pubdate readonly required reversed scoped seamless seeking selected truespeed typemustmatch willvalidate\".split(\" \");function W(a,b){var c=null,e=b.toLowerCase();if(\"style\"==e)return(c=a.style)&&\"string\"!=typeof c&&(c=c.cssText),c;if((\"selected\"==e||\"checked\"==e)&&V(a)){if(!V(a))throw new l(15,\"Element is not selectable\");b=\"selected\";c=a.type&&a.type.toLowerCase();if(\"checkbox\"==c||\"radio\"==c)b=\"checked\";return U(a,b)?\"true\":null}var g=T(a,\"A\");if(T(a,\"IMG\")&&\"src\"==e||g&&\"href\"==e)return(c=S(a,e))&&(c=U(a,e)),c;if(\"spellcheck\"==e){c=S(a,e);if(null!==c){if(\"false\"==c.toLowerCase())return\"false\";if(\"true\"==c.toLowerCase())return\"true\"}return U(a,\ne)+\"\"}g=fa[b]||b;if(0\u003C=h(ha,e))return(c=null!==S(a,b)||U(a,g))?\"true\":null;try{var x=U(a,g)}catch(ia){}(e=null==x)||(e=typeof x,e=\"object\"==e&&null!=x||\"function\"==e);e?c=S(a,b):c=x;return null!=c?c.toString():null}var X=[\"_\"],Y=d;X[0]in Y||\"undefined\"==typeof Y.execScript||Y.execScript(\"var \"+X[0]);for(var Z;X.length&&(Z=X.shift());)X.length||void 0===W?Y[Z]&&Y[Z]!==Object.prototype[Z]?Y=Y[Z]:Y=Y[Z]={}:Y[Z]=W;; return this._.apply(null,arguments);}).apply({navigator:typeof window!='undefined'?window.navigator:null,document:typeof window!='undefined'?window.document:null}, arguments);}\n).apply(null, arguments);"
}
[1764279423.419][INFO]: Waiting for pending navigations...
[1764279423.420][INFO]: Done waiting for pending navigations. Status: ok
[1764279423.427][INFO]: Waiting for pending navigations...
[1764279423.428][INFO]: Done waiting for pending navigations. Status: ok
[1764279423.428][INFO]: [cd2e7cf332bc04bde59894daddaadafa] RESPONSE ExecuteScript "https://rukminim2.flixcart.com/image/612/612/xif0q/mug/o/v/9/thermosteel-300-ml-black-hot-cold-soup-flask-tea-300-1-milton-original-imah3bhr7suzgvvh.jpeg?q=70"
[1764279423.430][INFO]: [cd2e7cf332bc04bde59894daddaadafa] COMMAND FindChildElement {
   "id": "f.A0482CA59007B45076EDC5AA3A53D800.d.98A6D22E43B71939B85B3D9AB2F1840A.e.25038",
   "using": "xpath",
   "value": "./ancestor::div[contains(@class, 'slAVV4')]//img[contains(@class, 'DByuf4')]"
}
[1764279423.430][INFO]: Waiting for pending navigations...
[1764279423.431][INFO]: Done waiting for pending navigations. Status: ok
[1764279423.440][INFO]: Waiting for pending navigations...
[1764279423.441][INFO]: Done waiting for pending navigations. Status: ok
[1764279423.441][INFO]: [cd2e7cf332bc04bde59894daddaadafa] RESPONSE FindChildElement {
   "element-6066-11e4-a52e-4f735466cecf": "f.A0482CA59007B45076EDC5AA3A53D800.d.98A6D22E43B71939B85B3D9AB2F1840A.e.25026"
}
[1764279423.443][INFO]: [cd2e7cf332bc04bde59894daddaadafa] COMMAND FindChildElement {
   "id": "f.A0482CA59007B45076EDC5AA3A53D800.d.98A6D22E43B71939B85B3D9AB2F1840A.e.25038",
   "using": "xpath",
   "value": "./ancestor::div[contains(@class, 'slAVV4')]//a[contains(@class, 'wjcEIp')]"
}
[1764279423.443][INFO]: Waiting for pending navigations...
[1764279423.444][INFO]: Done waiting for pending navigations. Status: ok
[1764279423.453][INFO]: Waiting for pending navigations...
[1764279423.454][INFO]: Done waiting for pending navigations. Status: ok
[1764279423.454][INFO]: [cd2e7cf332bc04bde59894daddaadafa] RESPONSE FindChildElement {
   "element-6066-11e4-a52e-4f735466cecf": "f.A0482CA59007B45076EDC5AA3A53D800.d.98A6D22E43B71939B85B3D9AB2F1840A.e.25048"
}
[1764279423.456][INFO]: [cd2e7cf332bc04bde59894daddaadafa] COMMAND GetElementText {
   "id": "f.A0482CA59007B45076EDC5AA3A53D800.d.98A6D22E43B71939B85B3D9AB2F1840A.e.25048"
}
[1764279423.456][INFO]: Waiting for pending navigations...
[1764279423.457][INFO]: Done waiting for pending navigations. Status: ok
[1764279423.465][INFO]: Waiting for pending navigations...
[1764279423.466][INFO]: Done waiting for pending navigations. Status: ok
[1764279423.466][INFO]: [cd2e7cf332bc04bde59894daddaadafa] RESPONSE GetElementText "MMTSWorld Reusable Glass Travel Sipper Tumbler with Str..."
[1764279423.470][INFO]: [cd2e7cf332bc04bde59894daddaadafa] COMMAND ExecuteScript {
   "args": [ {
      "element-6066-11e4-a52e-4f735466cecf": "f.A0482CA59007B45076EDC5AA3A53D800.d.98A6D22E43B71939B85B3D9AB2F1840A.e.25026"
   }, "src" ],
   "script": "/* getAttribute */return (function(){return (function(){var d=this||self;function f(a,b){function c(){}c.prototype=b.prototype;a.prototype=new c;a.prototype.constructor=a};var h=Array.prototype.indexOf?function(a,b){return Array.prototype.indexOf.call(a,b,void 0)}:function(a,b){if(\"string\"===typeof a)return\"string\"!==typeof b||1!=b.length?-1:a.indexOf(b,0);for(var c=0;c\u003Ca.length;c++)if(c in a&&a[c]===b)return c;return-1},k=Array.prototype.forEach?function(a,b){Array.prototype.forEach.call(a,b,void 0)}:function(a,b){for(var c=a.length,e=\"string\"===typeof a?a.split(\"\"):a,g=0;g\u003Cc;g++)g in e&&b.call(void 0,e[g],g,a)};function l(a,b){this.code=a;this.a=m[a]||n;this.message=b||\"\";a=this.a.replace(/((?:^|\\s+)[a-z])/g,function(c){return c.toUpperCase().replace(/^[\\s\\xa0]+/g,\"\")});b=a.length-5;if(0>b||a.indexOf(\"Error\",b)!=b)a+=\"Error\";this.name=a;a=Error(this.message);a.name=this.name;this.stack=a.stack||\"\"}f(l,Error);var n=\"unknown error\",m={15:\"element not selectable\",11:\"element not visible\"};m[31]=n;m[30]=n;m[24]=\"invalid cookie domain\";m[29]=\"invalid element coordinates\";m[12]=\"invalid element state\";m[32]=\"invalid selector\";\nm[51]=\"invalid selector\";m[52]=\"invalid selector\";m[17]=\"javascript error\";m[405]=\"unsupported operation\";m[34]=\"move target out of bounds\";m[27]=\"no such alert\";m[7]=\"no such element\";m[8]=\"no such frame\";m[23]=\"no such window\";m[28]=\"script timeout\";m[33]=\"session not created\";m[10]=\"stale element reference\";m[21]=\"timeout\";m[25]=\"unable to set cookie\";m[26]=\"unexpected alert open\";m[13]=n;m[9]=\"unknown command\";var p;a:{var q=d.navigator;if(q){var r=q.userAgent;if(r){p=r;break a}}p=\"\"}function t(a){return-1!=p.indexOf(a)};function u(){return t(\"Firefox\")||t(\"FxiOS\")}function v(){return(t(\"Chrome\")||t(\"CriOS\"))&&!t(\"Edge\")};function w(){return t(\"iPhone\")&&!t(\"iPod\")&&!t(\"iPad\")};var y=t(\"Opera\"),z=t(\"Trident\")||t(\"MSIE\"),A=t(\"Edge\"),B=t(\"Gecko\")&&!(-1!=p.toLowerCase().indexOf(\"webkit\")&&!t(\"Edge\"))&&!(t(\"Trident\")||t(\"MSIE\"))&&!t(\"Edge\"),C=-1!=p.toLowerCase().indexOf(\"webkit\")&&!t(\"Edge\");function D(){var a=d.document;return a?a.documentMode:void 0}var E;\na:{var F=\"\",G=function(){var a=p;if(B)return/rv:([^\\);]+)(\\)|;)/.exec(a);if(A)return/Edge\\/([\\d\\.]+)/.exec(a);if(z)return/\\b(?:MSIE|rv)[: ]([^\\);]+)(\\)|;)/.exec(a);if(C)return/WebKit\\/(\\S+)/.exec(a);if(y)return/(?:Version)[ \\/]?(\\S+)/.exec(a)}();G&&(F=G?G[1]:\"\");if(z){var H=D();if(null!=H&&H>parseFloat(F)){E=String(H);break a}}E=F}var I;I=d.document&&z?D():void 0;var J=u(),K=w()||t(\"iPod\"),L=t(\"iPad\"),M=t(\"Android\")&&!(v()||u()||t(\"Opera\")||t(\"Silk\")),N=v(),aa=t(\"Safari\")&&!(v()||t(\"Coast\")||t(\"Opera\")||t(\"Edge\")||t(\"Edg/\")||t(\"OPR\")||u()||t(\"Silk\")||t(\"Android\"))&&!(w()||t(\"iPad\")||t(\"iPod\"));function O(a){return(a=a.exec(p))?a[1]:\"\"}(function(){if(J)return O(/Firefox\\/([0-9.]+)/);if(z||A||y)return E;if(N)return w()||t(\"iPad\")||t(\"iPod\")?O(/CriOS\\/([0-9.]+)/):O(/Chrome\\/([0-9.]+)/);if(aa&&!(w()||t(\"iPad\")||t(\"iPod\")))return O(/Version\\/([0-9.]+)/);if(K||L){var a=/Version\\/(\\S+).*Mobile\\/(\\S+)/.exec(p);if(a)return a[1]+\".\"+a[2]}else if(M)return(a=O(/Android\\s+([0-9.]+)/))?a:O(/Version\\/([0-9.]+)/);return\"\"})();var P=z&&!(8\u003C=Number(I)),ba=z&&!(9\u003C=Number(I));var ca={SCRIPT:1,STYLE:1,HEAD:1,IFRAME:1,OBJECT:1},Q={IMG:\" \",BR:\"\\n\"};function R(a,b,c){if(!(a.nodeName in ca))if(3==a.nodeType)c?b.push(String(a.nodeValue).replace(/(\\r\\n|\\r|\\n)/g,\"\")):b.push(a.nodeValue);else if(a.nodeName in Q)b.push(Q[a.nodeName]);else for(a=a.firstChild;a;)R(a,b,c),a=a.nextSibling};function S(a,b){b=b.toLowerCase();return\"style\"==b?da(a.style.cssText):P&&\"value\"==b&&T(a,\"INPUT\")?a.value:ba&&!0===a[b]?String(a.getAttribute(b)):(a=a.getAttributeNode(b))&&a.specified?a.value:null}var ea=/[;]+(?=(?:(?:[^\"]*\"){2})*[^\"]*$)(?=(?:(?:[^']*'){2})*[^']*$)(?=(?:[^()]*\\([^()]*\\))*[^()]*$)/;\nfunction da(a){var b=[];k(a.split(ea),function(c){var e=c.indexOf(\":\");0\u003Ce&&(c=[c.slice(0,e),c.slice(e+1)],2==c.length&&b.push(c[0].toLowerCase(),\":\",c[1],\";\"))});b=b.join(\"\");return b=\";\"==b.charAt(b.length-1)?b:b+\";\"}function U(a,b){P&&\"value\"==b&&T(a,\"OPTION\")&&null===S(a,\"value\")?(b=[],R(a,b,!1),a=b.join(\"\")):a=a[b];return a}function T(a,b){b&&\"string\"!==typeof b&&(b=b.toString());return!!a&&1==a.nodeType&&(!b||a.tagName.toUpperCase()==b)}\nfunction V(a){return T(a,\"OPTION\")?!0:T(a,\"INPUT\")?(a=a.type.toLowerCase(),\"checkbox\"==a||\"radio\"==a):!1};var fa={\"class\":\"className\",readonly:\"readOnly\"},ha=\"allowfullscreen allowpaymentrequest allowusermedia async autofocus autoplay checked compact complete controls declare default defaultchecked defaultselected defer disabled ended formnovalidate hidden indeterminate iscontenteditable ismap itemscope loop multiple muted nohref nomodule noresize noshade novalidate nowrap open paused playsinline pubdate readonly required reversed scoped seamless seeking selected truespeed typemustmatch willvalidate\".split(\" \");function W(a,b){var c=null,e=b.toLowerCase();if(\"style\"==e)return(c=a.style)&&\"string\"!=typeof c&&(c=c.cssText),c;if((\"selected\"==e||\"checked\"==e)&&V(a)){if(!V(a))throw new l(15,\"Element is not selectable\");b=\"selected\";c=a.type&&a.type.toLowerCase();if(\"checkbox\"==c||\"radio\"==c)b=\"checked\";return U(a,b)?\"true\":null}var g=T(a,\"A\");if(T(a,\"IMG\")&&\"src\"==e||g&&\"href\"==e)return(c=S(a,e))&&(c=U(a,e)),c;if(\"spellcheck\"==e){c=S(a,e);if(null!==c){if(\"false\"==c.toLowerCase())return\"false\";if(\"true\"==c.toLowerCase())return\"true\"}return U(a,\ne)+\"\"}g=fa[b]||b;if(0\u003C=h(ha,e))return(c=null!==S(a,b)||U(a,g))?\"true\":null;try{var x=U(a,g)}catch(ia){}(e=null==x)||(e=typeof x,e=\"object\"==e&&null!=x||\"function\"==e);e?c=S(a,b):c=x;return null!=c?c.toString():null}var X=[\"_\"],Y=d;X[0]in Y||\"undefined\"==typeof Y.execScript||Y.execScript(\"var \"+X[0]);for(var Z;X.length&&(Z=X.shift());)X.length||void 0===W?Y[Z]&&Y[Z]!==Object.prototype[Z]?Y=Y[Z]:Y=Y[Z]={}:Y[Z]=W;; return this._.apply(null,arguments);}).apply({navigator:typeof window!='undefined'?window.navigator:null,document:typeof window!='undefined'?window.document:null}, arguments);}\n).apply(null, arguments);"
}
[1764279423.470][INFO]: Waiting for pending navigations...
[1764279423.471][INFO]: Done waiting for pending navigations. Status: ok
[1764279423.477][INFO]: Waiting for pending navigations...
[1764279423.478][INFO]: Done waiting for pending navigations. Status: ok
[1764279423.478][INFO]: [cd2e7cf332bc04bde59894daddaadafa] RESPONSE ExecuteScript "https://rukminim2.flixcart.com/image/612/612/xif0q/mug/b/h/u/reusable-glass-travel-sipper-tumbler-mug-with-straw-lid-juice-original-imahebwrkkmnznpj.jpeg?q=70"
[1764279423.480][INFO]: [cd2e7cf332bc04bde59894daddaadafa] COMMAND FindChildElement {
   "id": "f.A0482CA59007B45076EDC5AA3A53D800.d.98A6D22E43B71939B85B3D9AB2F1840A.e.25234",
   "using": "xpath",
   "value": "./ancestor::div[contains(@class, 'slAVV4')]//img[contains(@class, 'DByuf4')]"
}
[1764279423.480][INFO]: Waiting for pending navigations...
[1764279423.481][INFO]: Done waiting for pending navigations. Status: ok
[1764279423.490][INFO]: Waiting for pending navigations...
[1764279423.491][INFO]: Done waiting for pending navigations. Status: ok
[1764279423.491][INFO]: [cd2e7cf332bc04bde59894daddaadafa] RESPONSE FindChildElement {
   "element-6066-11e4-a52e-4f735466cecf": "f.A0482CA59007B45076EDC5AA3A53D800.d.98A6D22E43B71939B85B3D9AB2F1840A.e.25220"
}
[1764279423.493][INFO]: [cd2e7cf332bc04bde59894daddaadafa] COMMAND FindChildElement {
   "id": "f.A0482CA59007B45076EDC5AA3A53D800.d.98A6D22E43B71939B85B3D9AB2F1840A.e.25234",
   "using": "xpath",
   "value": "./ancestor::div[contains(@class, 'slAVV4')]//a[contains(@class, 'wjcEIp')]"
}
[1764279423.493][INFO]: Waiting for pending navigations...
[1764279423.494][INFO]: Done waiting for pending navigations. Status: ok
[1764279423.503][INFO]: Waiting for pending navigations...
[1764279423.503][INFO]: Done waiting for pending navigations. Status: ok
[1764279423.503][INFO]: [cd2e7cf332bc04bde59894daddaadafa] RESPONSE FindChildElement {
   "element-6066-11e4-a52e-4f735466cecf": "f.A0482CA59007B45076EDC5AA3A53D800.d.98A6D22E43B71939B85B3D9AB2F1840A.e.25245"
}
[1764279423.505][INFO]: [cd2e7cf332bc04bde59894daddaadafa] COMMAND GetElementText {
   "id": "f.A0482CA59007B45076EDC5AA3A53D800.d.98A6D22E43B71939B85B3D9AB2F1840A.e.25245"
}
[1764279423.505][INFO]: Waiting for pending navigations...
[1764279423.506][INFO]: Done waiting for pending navigations. Status: ok
[1764279423.514][INFO]: Waiting for pending navigations...
[1764279423.515][INFO]: Done waiting for pending navigations. Status: ok
[1764279423.515][INFO]: [cd2e7cf332bc04bde59894daddaadafa] RESPONSE GetElementText "Myoz Stainless Steel Vacuum Double Insulated Tumbler wi..."
[1764279423.519][INFO]: [cd2e7cf332bc04bde59894daddaadafa] COMMAND ExecuteScript {
   "args": [ {
      "element-6066-11e4-a52e-4f735466cecf": "f.A0482CA59007B45076EDC5AA3A53D800.d.98A6D22E43B71939B85B3D9AB2F1840A.e.25220"
   }, "src" ],
   "script": "/* getAttribute */return (function(){return (function(){var d=this||self;function f(a,b){function c(){}c.prototype=b.prototype;a.prototype=new c;a.prototype.constructor=a};var h=Array.prototype.indexOf?function(a,b){return Array.prototype.indexOf.call(a,b,void 0)}:function(a,b){if(\"string\"===typeof a)return\"string\"!==typeof b||1!=b.length?-1:a.indexOf(b,0);for(var c=0;c\u003Ca.length;c++)if(c in a&&a[c]===b)return c;return-1},k=Array.prototype.forEach?function(a,b){Array.prototype.forEach.call(a,b,void 0)}:function(a,b){for(var c=a.length,e=\"string\"===typeof a?a.split(\"\"):a,g=0;g\u003Cc;g++)g in e&&b.call(void 0,e[g],g,a)};function l(a,b){this.code=a;this.a=m[a]||n;this.message=b||\"\";a=this.a.replace(/((?:^|\\s+)[a-z])/g,function(c){return c.toUpperCase().replace(/^[\\s\\xa0]+/g,\"\")});b=a.length-5;if(0>b||a.indexOf(\"Error\",b)!=b)a+=\"Error\";this.name=a;a=Error(this.message);a.name=this.name;this.stack=a.stack||\"\"}f(l,Error);var n=\"unknown error\",m={15:\"element not selectable\",11:\"element not visible\"};m[31]=n;m[30]=n;m[24]=\"invalid cookie domain\";m[29]=\"invalid element coordinates\";m[12]=\"invalid element state\";m[32]=\"invalid selector\";\nm[51]=\"invalid selector\";m[52]=\"invalid selector\";m[17]=\"javascript error\";m[405]=\"unsupported operation\";m[34]=\"move target out of bounds\";m[27]=\"no such alert\";m[7]=\"no such element\";m[8]=\"no such frame\";m[23]=\"no such window\";m[28]=\"script timeout\";m[33]=\"session not created\";m[10]=\"stale element reference\";m[21]=\"timeout\";m[25]=\"unable to set cookie\";m[26]=\"unexpected alert open\";m[13]=n;m[9]=\"unknown command\";var p;a:{var q=d.navigator;if(q){var r=q.userAgent;if(r){p=r;break a}}p=\"\"}function t(a){return-1!=p.indexOf(a)};function u(){return t(\"Firefox\")||t(\"FxiOS\")}function v(){return(t(\"Chrome\")||t(\"CriOS\"))&&!t(\"Edge\")};function w(){return t(\"iPhone\")&&!t(\"iPod\")&&!t(\"iPad\")};var y=t(\"Opera\"),z=t(\"Trident\")||t(\"MSIE\"),A=t(\"Edge\"),B=t(\"Gecko\")&&!(-1!=p.toLowerCase().indexOf(\"webkit\")&&!t(\"Edge\"))&&!(t(\"Trident\")||t(\"MSIE\"))&&!t(\"Edge\"),C=-1!=p.toLowerCase().indexOf(\"webkit\")&&!t(\"Edge\");function D(){var a=d.document;return a?a.documentMode:void 0}var E;\na:{var F=\"\",G=function(){var a=p;if(B)return/rv:([^\\);]+)(\\)|;)/.exec(a);if(A)return/Edge\\/([\\d\\.]+)/.exec(a);if(z)return/\\b(?:MSIE|rv)[: ]([^\\);]+)(\\)|;)/.exec(a);if(C)return/WebKit\\/(\\S+)/.exec(a);if(y)return/(?:Version)[ \\/]?(\\S+)/.exec(a)}();G&&(F=G?G[1]:\"\");if(z){var H=D();if(null!=H&&H>parseFloat(F)){E=String(H);break a}}E=F}var I;I=d.document&&z?D():void 0;var J=u(),K=w()||t(\"iPod\"),L=t(\"iPad\"),M=t(\"Android\")&&!(v()||u()||t(\"Opera\")||t(\"Silk\")),N=v(),aa=t(\"Safari\")&&!(v()||t(\"Coast\")||t(\"Opera\")||t(\"Edge\")||t(\"Edg/\")||t(\"OPR\")||u()||t(\"Silk\")||t(\"Android\"))&&!(w()||t(\"iPad\")||t(\"iPod\"));function O(a){return(a=a.exec(p))?a[1]:\"\"}(function(){if(J)return O(/Firefox\\/([0-9.]+)/);if(z||A||y)return E;if(N)return w()||t(\"iPad\")||t(\"iPod\")?O(/CriOS\\/([0-9.]+)/):O(/Chrome\\/([0-9.]+)/);if(aa&&!(w()||t(\"iPad\")||t(\"iPod\")))return O(/Version\\/([0-9.]+)/);if(K||L){var a=/Version\\/(\\S+).*Mobile\\/(\\S+)/.exec(p);if(a)return a[1]+\".\"+a[2]}else if(M)return(a=O(/Android\\s+([0-9.]+)/))?a:O(/Version\\/([0-9.]+)/);return\"\"})();var P=z&&!(8\u003C=Number(I)),ba=z&&!(9\u003C=Number(I));var ca={SCRIPT:1,STYLE:1,HEAD:1,IFRAME:1,OBJECT:1},Q={IMG:\" \",BR:\"\\n\"};function R(a,b,c){if(!(a.nodeName in ca))if(3==a.nodeType)c?b.push(String(a.nodeValue).replace(/(\\r\\n|\\r|\\n)/g,\"\")):b.push(a.nodeValue);else if(a.nodeName in Q)b.push(Q[a.nodeName]);else for(a=a.firstChild;a;)R(a,b,c),a=a.nextSibling};function S(a,b){b=b.toLowerCase();return\"style\"==b?da(a.style.cssText):P&&\"value\"==b&&T(a,\"INPUT\")?a.value:ba&&!0===a[b]?String(a.getAttribute(b)):(a=a.getAttributeNode(b))&&a.specified?a.value:null}var ea=/[;]+(?=(?:(?:[^\"]*\"){2})*[^\"]*$)(?=(?:(?:[^']*'){2})*[^']*$)(?=(?:[^()]*\\([^()]*\\))*[^()]*$)/;\nfunction da(a){var b=[];k(a.split(ea),function(c){var e=c.indexOf(\":\");0\u003Ce&&(c=[c.slice(0,e),c.slice(e+1)],2==c.length&&b.push(c[0].toLowerCase(),\":\",c[1],\";\"))});b=b.join(\"\");return b=\";\"==b.charAt(b.length-1)?b:b+\";\"}function U(a,b){P&&\"value\"==b&&T(a,\"OPTION\")&&null===S(a,\"value\")?(b=[],R(a,b,!1),a=b.join(\"\")):a=a[b];return a}function T(a,b){b&&\"string\"!==typeof b&&(b=b.toString());return!!a&&1==a.nodeType&&(!b||a.tagName.toUpperCase()==b)}\nfunction V(a){return T(a,\"OPTION\")?!0:T(a,\"INPUT\")?(a=a.type.toLowerCase(),\"checkbox\"==a||\"radio\"==a):!1};var fa={\"class\":\"className\",readonly:\"readOnly\"},ha=\"allowfullscreen allowpaymentrequest allowusermedia async autofocus autoplay checked compact complete controls declare default defaultchecked defaultselected defer disabled ended formnovalidate hidden indeterminate iscontenteditable ismap itemscope loop multiple muted nohref nomodule noresize noshade novalidate nowrap open paused playsinline pubdate readonly required reversed scoped seamless seeking selected truespeed typemustmatch willvalidate\".split(\" \");function W(a,b){var c=null,e=b.toLowerCase();if(\"style\"==e)return(c=a.style)&&\"string\"!=typeof c&&(c=c.cssText),c;if((\"selected\"==e||\"checked\"==e)&&V(a)){if(!V(a))throw new l(15,\"Element is not selectable\");b=\"selected\";c=a.type&&a.type.toLowerCase();if(\"checkbox\"==c||\"radio\"==c)b=\"checked\";return U(a,b)?\"true\":null}var g=T(a,\"A\");if(T(a,\"IMG\")&&\"src\"==e||g&&\"href\"==e)return(c=S(a,e))&&(c=U(a,e)),c;if(\"spellcheck\"==e){c=S(a,e);if(null!==c){if(\"false\"==c.toLowerCase())return\"false\";if(\"true\"==c.toLowerCase())return\"true\"}return U(a,\ne)+\"\"}g=fa[b]||b;if(0\u003C=h(ha,e))return(c=null!==S(a,b)||U(a,g))?\"true\":null;try{var x=U(a,g)}catch(ia){}(e=null==x)||(e=typeof x,e=\"object\"==e&&null!=x||\"function\"==e);e?c=S(a,b):c=x;return null!=c?c.toString():null}var X=[\"_\"],Y=d;X[0]in Y||\"undefined\"==typeof Y.execScript||Y.execScript(\"var \"+X[0]);for(var Z;X.length&&(Z=X.shift());)X.length||void 0===W?Y[Z]&&Y[Z]!==Object.prototype[Z]?Y=Y[Z]:Y=Y[Z]={}:Y[Z]=W;; return this._.apply(null,arguments);}).apply({navigator:typeof window!='undefined'?window.navigator:null,document:typeof window!='undefined'?window.document:null}, arguments);}\n).apply(null, arguments);"
}
[1764279423.519][INFO]: Waiting for pending navigations...
[1764279423.521][INFO]: Done waiting for pending navigations. Status: ok
[1764279423.528][INFO]: Waiting for pending navigations...
[1764279423.529][INFO]: Done waiting for pending navigations. Status: ok
[1764279423.529][INFO]: [cd2e7cf332bc04bde59894daddaadafa] RESPONSE ExecuteScript "https://rukminim2.flixcart.com/image/612/612/xif0q/bottle/p/y/r/1200-stainless-steel-vacuum-double-insulated-tumbler-with-lid-original-imahgfn6yhbghadh.jpeg?q=70"
[1764279423.531][INFO]: [cd2e7cf332bc04bde59894daddaadafa] COMMAND FindChildElement {
   "id": "f.A0482CA59007B45076EDC5AA3A53D800.d.98A6D22E43B71939B85B3D9AB2F1840A.e.24820",
   "using": "xpath",
   "value": "./ancestor::div[contains(@class, 'slAVV4')]//img[contains(@class, 'DByuf4')]"
}
[1764279423.531][INFO]: Waiting for pending navigations...
[1764279423.532][INFO]: Done waiting for pending navigations. Status: ok
[1764279423.550][INFO]: Waiting for pending navigations...
[1764279423.552][INFO]: Done waiting for pending navigations. Status: ok
[1764279423.552][INFO]: [cd2e7cf332bc04bde59894daddaadafa] RESPONSE FindChildElement {
   "element-6066-11e4-a52e-4f735466cecf": "f.A0482CA59007B45076EDC5AA3A53D800.d.98A6D22E43B71939B85B3D9AB2F1840A.e.24809"
}
[1764279423.557][INFO]: [cd2e7cf332bc04bde59894daddaadafa] COMMAND FindChildElement {
   "id": "f.A0482CA59007B45076EDC5AA3A53D800.d.98A6D22E43B71939B85B3D9AB2F1840A.e.24820",
   "using": "xpath",
   "value": "./ancestor::div[contains(@class, 'slAVV4')]//a[contains(@class, 'wjcEIp')]"
}
[1764279423.557][INFO]: Waiting for pending navigations...
[1764279423.560][INFO]: Done waiting for pending navigations. Status: ok
[1764279423.581][INFO]: Waiting for pending navigations...
[1764279423.582][INFO]: Done waiting for pending navigations. Status: ok
[1764279423.582][INFO]: [cd2e7cf332bc04bde59894daddaadafa] RESPONSE FindChildElement {
   "element-6066-11e4-a52e-4f735466cecf": "f.A0482CA59007B45076EDC5AA3A53D800.d.98A6D22E43B71939B85B3D9AB2F1840A.e.24830"
}
[1764279423.588][INFO]: [cd2e7cf332bc04bde59894daddaadafa] COMMAND GetElementText {
   "id": "f.A0482CA59007B45076EDC5AA3A53D800.d.98A6D22E43B71939B85B3D9AB2F1840A.e.24830"
}
[1764279423.588][INFO]: Waiting for pending navigations...
[1764279423.589][INFO]: Done waiting for pending navigations. Status: ok
[1764279423.600][INFO]: Waiting for pending navigations...
[1764279423.601][INFO]: Done waiting for pending navigations. Status: ok
[1764279423.601][INFO]: [cd2e7cf332bc04bde59894daddaadafa] RESPONSE GetElementText "Kimaya Double Wall Vacuum Insulated Stainless Steel 304..."
[1764279423.606][INFO]: [cd2e7cf332bc04bde59894daddaadafa] COMMAND ExecuteScript {
   "args": [ {
      "element-6066-11e4-a52e-4f735466cecf": "f.A0482CA59007B45076EDC5AA3A53D800.d.98A6D22E43B71939B85B3D9AB2F1840A.e.24809"
   }, "src" ],
   "script": "/* getAttribute */return (function(){return (function(){var d=this||self;function f(a,b){function c(){}c.prototype=b.prototype;a.prototype=new c;a.prototype.constructor=a};var h=Array.prototype.indexOf?function(a,b){return Array.prototype.indexOf.call(a,b,void 0)}:function(a,b){if(\"string\"===typeof a)return\"string\"!==typeof b||1!=b.length?-1:a.indexOf(b,0);for(var c=0;c\u003Ca.length;c++)if(c in a&&a[c]===b)return c;return-1},k=Array.prototype.forEach?function(a,b){Array.prototype.forEach.call(a,b,void 0)}:function(a,b){for(var c=a.length,e=\"string\"===typeof a?a.split(\"\"):a,g=0;g\u003Cc;g++)g in e&&b.call(void 0,e[g],g,a)};function l(a,b){this.code=a;this.a=m[a]||n;this.message=b||\"\";a=this.a.replace(/((?:^|\\s+)[a-z])/g,function(c){return c.toUpperCase().replace(/^[\\s\\xa0]+/g,\"\")});b=a.length-5;if(0>b||a.indexOf(\"Error\",b)!=b)a+=\"Error\";this.name=a;a=Error(this.message);a.name=this.name;this.stack=a.stack||\"\"}f(l,Error);var n=\"unknown error\",m={15:\"element not selectable\",11:\"element not visible\"};m[31]=n;m[30]=n;m[24]=\"invalid cookie domain\";m[29]=\"invalid element coordinates\";m[12]=\"invalid element state\";m[32]=\"invalid selector\";\nm[51]=\"invalid selector\";m[52]=\"invalid selector\";m[17]=\"javascript error\";m[405]=\"unsupported operation\";m[34]=\"move target out of bounds\";m[27]=\"no such alert\";m[7]=\"no such element\";m[8]=\"no such frame\";m[23]=\"no such window\";m[28]=\"script timeout\";m[33]=\"session not created\";m[10]=\"stale element reference\";m[21]=\"timeout\";m[25]=\"unable to set cookie\";m[26]=\"unexpected alert open\";m[13]=n;m[9]=\"unknown command\";var p;a:{var q=d.navigator;if(q){var r=q.userAgent;if(r){p=r;break a}}p=\"\"}function t(a){return-1!=p.indexOf(a)};function u(){return t(\"Firefox\")||t(\"FxiOS\")}function v(){return(t(\"Chrome\")||t(\"CriOS\"))&&!t(\"Edge\")};function w(){return t(\"iPhone\")&&!t(\"iPod\")&&!t(\"iPad\")};var y=t(\"Opera\"),z=t(\"Trident\")||t(\"MSIE\"),A=t(\"Edge\"),B=t(\"Gecko\")&&!(-1!=p.toLowerCase().indexOf(\"webkit\")&&!t(\"Edge\"))&&!(t(\"Trident\")||t(\"MSIE\"))&&!t(\"Edge\"),C=-1!=p.toLowerCase().indexOf(\"webkit\")&&!t(\"Edge\");function D(){var a=d.document;return a?a.documentMode:void 0}var E;\na:{var F=\"\",G=function(){var a=p;if(B)return/rv:([^\\);]+)(\\)|;)/.exec(a);if(A)return/Edge\\/([\\d\\.]+)/.exec(a);if(z)return/\\b(?:MSIE|rv)[: ]([^\\);]+)(\\)|;)/.exec(a);if(C)return/WebKit\\/(\\S+)/.exec(a);if(y)return/(?:Version)[ \\/]?(\\S+)/.exec(a)}();G&&(F=G?G[1]:\"\");if(z){var H=D();if(null!=H&&H>parseFloat(F)){E=String(H);break a}}E=F}var I;I=d.document&&z?D():void 0;var J=u(),K=w()||t(\"iPod\"),L=t(\"iPad\"),M=t(\"Android\")&&!(v()||u()||t(\"Opera\")||t(\"Silk\")),N=v(),aa=t(\"Safari\")&&!(v()||t(\"Coast\")||t(\"Opera\")||t(\"Edge\")||t(\"Edg/\")||t(\"OPR\")||u()||t(\"Silk\")||t(\"Android\"))&&!(w()||t(\"iPad\")||t(\"iPod\"));function O(a){return(a=a.exec(p))?a[1]:\"\"}(function(){if(J)return O(/Firefox\\/([0-9.]+)/);if(z||A||y)return E;if(N)return w()||t(\"iPad\")||t(\"iPod\")?O(/CriOS\\/([0-9.]+)/):O(/Chrome\\/([0-9.]+)/);if(aa&&!(w()||t(\"iPad\")||t(\"iPod\")))return O(/Version\\/([0-9.]+)/);if(K||L){var a=/Version\\/(\\S+).*Mobile\\/(\\S+)/.exec(p);if(a)return a[1]+\".\"+a[2]}else if(M)return(a=O(/Android\\s+([0-9.]+)/))?a:O(/Version\\/([0-9.]+)/);return\"\"})();var P=z&&!(8\u003C=Number(I)),ba=z&&!(9\u003C=Number(I));var ca={SCRIPT:1,STYLE:1,HEAD:1,IFRAME:1,OBJECT:1},Q={IMG:\" \",BR:\"\\n\"};function R(a,b,c){if(!(a.nodeName in ca))if(3==a.nodeType)c?b.push(String(a.nodeValue).replace(/(\\r\\n|\\r|\\n)/g,\"\")):b.push(a.nodeValue);else if(a.nodeName in Q)b.push(Q[a.nodeName]);else for(a=a.firstChild;a;)R(a,b,c),a=a.nextSibling};function S(a,b){b=b.toLowerCase();return\"style\"==b?da(a.style.cssText):P&&\"value\"==b&&T(a,\"INPUT\")?a.value:ba&&!0===a[b]?String(a.getAttribute(b)):(a=a.getAttributeNode(b))&&a.specified?a.value:null}var ea=/[;]+(?=(?:(?:[^\"]*\"){2})*[^\"]*$)(?=(?:(?:[^']*'){2})*[^']*$)(?=(?:[^()]*\\([^()]*\\))*[^()]*$)/;\nfunction da(a){var b=[];k(a.split(ea),function(c){var e=c.indexOf(\":\");0\u003Ce&&(c=[c.slice(0,e),c.slice(e+1)],2==c.length&&b.push(c[0].toLowerCase(),\":\",c[1],\";\"))});b=b.join(\"\");return b=\";\"==b.charAt(b.length-1)?b:b+\";\"}function U(a,b){P&&\"value\"==b&&T(a,\"OPTION\")&&null===S(a,\"value\")?(b=[],R(a,b,!1),a=b.join(\"\")):a=a[b];return a}function T(a,b){b&&\"string\"!==typeof b&&(b=b.toString());return!!a&&1==a.nodeType&&(!b||a.tagName.toUpperCase()==b)}\nfunction V(a){return T(a,\"OPTION\")?!0:T(a,\"INPUT\")?(a=a.type.toLowerCase(),\"checkbox\"==a||\"radio\"==a):!1};var fa={\"class\":\"className\",readonly:\"readOnly\"},ha=\"allowfullscreen allowpaymentrequest allowusermedia async autofocus autoplay checked compact complete controls declare default defaultchecked defaultselected defer disabled ended formnovalidate hidden indeterminate iscontenteditable ismap itemscope loop multiple muted nohref nomodule noresize noshade novalidate nowrap open paused playsinline pubdate readonly required reversed scoped seamless seeking selected truespeed typemustmatch willvalidate\".split(\" \");function W(a,b){var c=null,e=b.toLowerCase();if(\"style\"==e)return(c=a.style)&&\"string\"!=typeof c&&(c=c.cssText),c;if((\"selected\"==e||\"checked\"==e)&&V(a)){if(!V(a))throw new l(15,\"Element is not selectable\");b=\"selected\";c=a.type&&a.type.toLowerCase();if(\"checkbox\"==c||\"radio\"==c)b=\"checked\";return U(a,b)?\"true\":null}var g=T(a,\"A\");if(T(a,\"IMG\")&&\"src\"==e||g&&\"href\"==e)return(c=S(a,e))&&(c=U(a,e)),c;if(\"spellcheck\"==e){c=S(a,e);if(null!==c){if(\"false\"==c.toLowerCase())return\"false\";if(\"true\"==c.toLowerCase())return\"true\"}return U(a,\ne)+\"\"}g=fa[b]||b;if(0\u003C=h(ha,e))return(c=null!==S(a,b)||U(a,g))?\"true\":null;try{var x=U(a,g)}catch(ia){}(e=null==x)||(e=typeof x,e=\"object\"==e&&null!=x||\"function\"==e);e?c=S(a,b):c=x;return null!=c?c.toString():null}var X=[\"_\"],Y=d;X[0]in Y||\"undefined\"==typeof Y.execScript||Y.execScript(\"var \"+X[0]);for(var Z;X.length&&(Z=X.shift());)X.length||void 0===W?Y[Z]&&Y[Z]!==Object.prototype[Z]?Y=Y[Z]:Y=Y[Z]={}:Y[Z]=W;; return this._.apply(null,arguments);}).apply({navigator:typeof window!='undefined'?window.navigator:null,document:typeof window!='undefined'?window.document:null}, arguments);}\n).apply(null, arguments);"
}
[1764279423.606][INFO]: Waiting for pending navigations...
[1764279423.607][INFO]: Done waiting for pending navigations. Status: ok
[1764279423.613][INFO]: Waiting for pending navigations...
[1764279423.614][INFO]: Done waiting for pending navigations. Status: ok
[1764279423.614][INFO]: [cd2e7cf332bc04bde59894daddaadafa] RESPONSE ExecuteScript "https://rukminim2.flixcart.com/image/612/612/xif0q/shopsy-mug/f/m/o/double-wall-vacuum-insulated-stainless-steel-304-tea-coffee-original-imahh9hgtnysevdx.jpeg?q=70"
[1764279423.619][INFO]: [cd2e7cf332bc04bde59894daddaadafa] COMMAND CloseWindow {
}
[1764279423.785][INFO]: [cd2e7cf332bc04bde59894daddaadafa] RESPONSE CloseWindow [  ]
